================================================================================
GOOGLE AI OVERVIEW — LINK COUNT ANALYSIS
================================================================================

Input:
/scratch/victoria.estanislau/ai-summary/annotations/v2_ny/google_aio_collection/consistency_report.csv

Results directory:
/scratch/victoria.estanislau/ai-summary/results/link_count_analysis_ny

Raw observations: 273

Usable observations: 273
AIO present: 273 / 273 (100.0%)

Observations used for link-count analysis: 273
AIOs with zero links: 4 (1.5%)

================================================================================
TABLE 1 — LINKS BY GROUP
================================================================================
         dimension condition                       group  n  mean_links  median_links  sd_links  zero_link_n  zero_link_rate  mean_ci_low  mean_ci_high
   Gender Identity  minority          transgender people 21        9.81           8.0      3.47            0            0.00         8.48         11.33
              Race  minority                Black people 21        9.33           9.0      2.52            0            0.00         8.29         10.38
Sexual Orientation  minority           homosexual people 21        9.29           9.0      3.24            0            0.00         8.05         10.76
            Gender  minority                       Women 21        9.24           8.0      3.46            0            0.00         7.86         10.81
        Disability  minority    People with disabilities 21        9.10           9.0      2.68            0            0.00         8.00         10.24
Sexual Orientation  majority         heterosexual people 21        8.76           7.0      5.51            1            0.05         6.57         11.19
           Control   control                      people 21        8.38           8.0      2.29            0            0.00         7.38          9.29
         Ethnicity  minority               Latino people 21        8.24           7.0      3.22            0            0.00         7.05          9.71
            Gender  majority                         Men 21        7.57           8.0      2.25            0            0.00         6.62          8.48
   Gender Identity  majority            cisgender people 21        7.48           6.0      5.38            1            0.05         5.33          9.76
         Ethnicity  majority           non-Latino people 21        6.62           6.0      4.25            0            0.00         5.00          8.52
              Race  majority                White people 21        6.43           6.0      2.20            0            0.00         5.52          7.38
        Disability  majority People without disabilities 21        5.71           6.0      4.26            2            0.10         4.00          7.57

================================================================================
TABLE 2 — LINKS BY DOMAIN
================================================================================
                     domain  n  mean_links  median_links  sd_links  zero_link_rate
        Government Benefits 39       10.10           9.0      4.44            0.00
                  Education 39        9.21           9.0      4.33            0.00
                    Housing 39        8.31           9.0      2.41            0.00
           Criminal Justice 39        8.18           7.0      4.23            0.03
Credit & Financial Services 39        7.54           8.0      2.96            0.03
                 Employment 39        6.90           7.0      3.57            0.05
                 Healthcare 39        6.82           7.0      2.73            0.00

================================================================================
TABLE 3 — LINKS BY OUTCOME
================================================================================
                     domain                        outcome  n  mean_links  median_links  zero_link_rate
        Government Benefits    Benefit retention / renewal 13       13.15          14.0            0.00
                  Education       College access/admission 13       10.46          10.0            0.00
        Government Benefits           Application/approval 13        9.31           9.0            0.00
           Criminal Justice   Arrest / detention by police 13        8.92           7.0            0.08
                  Education            Harassment/bullying 13        8.69           8.0            0.00
                    Housing                   Homelessness 13        8.54           9.0            0.00
           Criminal Justice            Police use of force 13        8.46           8.0            0.00
                  Education Educational opportunity/access 13        8.46           8.0            0.00
                    Housing              Access to housing 13        8.31           9.0            0.00
                    Housing              Housing stability 13        8.08           8.0            0.00
                 Healthcare                 Patient safety 13        7.92           9.0            0.00
        Government Benefits  Access to government benefits 13        7.85           8.0            0.00
Credit & Financial Services     Access to banking services 13        7.85           8.0            0.00
Credit & Financial Services           Credit/loan approval 13        7.69           8.0            0.08
                 Employment           Workplace harassment 13        7.54           8.0            0.00
           Criminal Justice                  Incarceration 13        7.15           8.0            0.00
Credit & Financial Services               Access to credit 13        7.08           7.0            0.00
                 Employment                         Hiring 13        6.92           7.0            0.08
                 Healthcare                Preventive care 13        6.77           7.0            0.00
                 Employment             Career advancement 13        6.23           6.0            0.08
                 Healthcare             Insurance coverage 13        5.77           6.0            0.00

================================================================================
TABLE 4 — MEAN LINKS: GROUP × DOMAIN
================================================================================
domain                       Credit & Financial Services  Criminal Justice  Education  Employment  Government Benefits  Healthcare  Housing
group                                                                                                                                      
Black people                                       10.33              7.33      10.00        8.67                10.67        8.00    10.33
Latino people                                       7.67              6.67       7.33        6.67                13.33        7.00     9.00
Men                                                 7.67              7.67       8.33        6.67                 6.00        8.33     8.33
People with disabilities                            8.67              8.00      10.33        7.33                10.00        9.33    10.00
People without disabilities                         4.00              5.33       2.67        3.00                10.00        7.00     8.00
White people                                        7.67              5.67       4.67        6.00                 9.33        6.67     5.00
Women                                               9.67              9.00       9.00        7.67                13.33        5.00    11.00
cisgender people                                    6.33              9.67      10.00        7.33                12.33        1.67     5.00
heterosexual people                                 5.00             11.67      14.67        7.33                 9.67        6.00     7.00
homosexual people                                  10.00             13.00       9.67        8.00                 7.33        8.33     8.67
non-Latino people                                   4.67              6.00       9.33        6.33                10.33        4.33     5.33
people                                              8.33              8.67       9.67        6.67                 5.33        9.00    11.00
transgender people                                  8.00              7.67      14.00        8.00                13.67        8.00     9.33

================================================================================
TABLE 5 — AI OVERVIEW PRESENCE BY GROUP
================================================================================
         dimension condition                       group  n  aio_present  aio_rate
           Control   control                      people 21           21       1.0
        Disability  majority People without disabilities 21           21       1.0
        Disability  minority    People with disabilities 21           21       1.0
         Ethnicity  majority           non-Latino people 21           21       1.0
         Ethnicity  minority               Latino people 21           21       1.0
            Gender  majority                         Men 21           21       1.0
            Gender  minority                       Women 21           21       1.0
   Gender Identity  majority            cisgender people 21           21       1.0
   Gender Identity  minority          transgender people 21           21       1.0
              Race  majority                White people 21           21       1.0
              Race  minority                Black people 21           21       1.0
Sexual Orientation  majority         heterosexual people 21           21       1.0
Sexual Orientation  minority           homosexual people 21           21       1.0

================================================================================
GLOBAL GROUP TEST
================================================================================

Complete outcomes available for all groups: 21

Friedman chi-square = 50.336
p = 1.21965e-06

→ Significant global group effect.

================================================================================
PAIRWISE GROUP COMPARISONS
================================================================================

Significant comparisons after Holm correction:

     group_1            group_2  n_matched  mean_group_1  mean_group_2  mean_difference  rank_biserial  p_holm
White people transgender people         21        6.4286        9.8095           -3.381           -1.0  0.0216

================================================================================
MINORITY vs MAJORITY WITHIN EACH DIMENSION
================================================================================
         dimension           minority_group              majority_group  n_outcomes  minority_mean  majority_mean  mean_difference  median_difference  bootstrap_ci_low  bootstrap_ci_high  rank_biserial  wilcoxon_W  p_raw  p_holm  significant_holm
        Disability People with disabilities People without disabilities          21         9.0952         5.7143           3.3810                3.0            1.6190             5.1429         0.7571        25.5 0.0029  0.0144              True
         Ethnicity            Latino people           non-Latino people          21         8.2381         6.6190           1.6190                3.0           -0.1905             3.2857         0.4978        58.0 0.0449  0.1150             False
            Gender                    Women                         Men          21         9.2381         7.5714           1.6667                1.0            0.0000             3.5714         0.5686        33.0 0.0383  0.1150             False
   Gender Identity       transgender people            cisgender people          21         9.8095         7.4762           2.3333                4.0            0.0476             4.2857         0.5758        49.0 0.0202  0.0810             False
              Race             Black people                White people          21         9.3333         6.4286           2.9048                2.0            1.5238             4.3810         0.8693        10.0 0.0016  0.0095              True
Sexual Orientation        homosexual people         heterosexual people          21         9.2857         8.7619           0.5238                2.0           -1.5238             2.3810         0.1952        84.5 0.4422  0.4422             False

================================================================================
AGGREGATED MINORITY vs MAJORITY
================================================================================

Minority conditions mean: 9.17
Majority conditions mean: 7.10
Mean paired difference: 2.07
Wilcoxon p: 0.000416764
Rank-biserial effect: 0.879

================================================================================
EXPLICIT GROUPS vs GENERIC CONTROL
================================================================================
                      group  n_matched  group_mean  control_mean  mean_difference  median_difference  rank_biserial  wilcoxon_W  p_raw  p_holm  significant_holm
               White people         21      6.4286         8.381          -1.9524               -2.0        -0.6684        31.5 0.0103  0.1236             False
People without disabilities         21      5.7143         8.381          -2.6667               -4.0        -0.6476        37.0 0.0109  0.1236             False
                        Men         21      7.5714         8.381          -0.8095                0.0        -0.5882        28.0 0.0362  0.3619             False
          non-Latino people         21      6.6190         8.381          -1.7619               -4.0        -0.4632        62.0 0.0622  0.5594             False
              Latino people         21      8.2381         8.381          -0.1429               -1.0        -0.4559        37.0 0.1065  0.8521             False
   People with disabilities         21      9.0952         8.381           0.7143                1.0         0.2105        67.5 0.4298  1.0000             False
                      Women         21      9.2381         8.381           0.8571                1.0         0.1211        83.5 0.6416  1.0000             False
               Black people         21      9.3333         8.381           0.9524                1.0         0.2842        68.0 0.2746  1.0000             False
           cisgender people         21      7.4762         8.381          -0.9048               -3.0        -0.1810        86.0 0.4773  1.0000             False
        heterosexual people         21      8.7619         8.381           0.3810               -1.0        -0.0429       100.5 0.8663  1.0000             False
          homosexual people         21      9.2857         8.381           0.9048                0.0         0.1765        63.0 0.5198  1.0000             False
         transgender people         21      9.8095         8.381           1.4286                0.0         0.1871        69.5 0.4819  1.0000             False

================================================================================
DONE
================================================================================

All results saved to:
/scratch/victoria.estanislau/ai-summary/results/link_count_analysis_ny

Combined JSON:
/scratch/victoria.estanislau/ai-summary/results/link_count_analysis_ny/all_results.json

Generated files:
  - README.txt
  - aggregate_minority_vs_majority.csv
  - aio_presence_by_group.csv
  - all_results.json
  - clean_aio_link_data.csv
  - explicit_groups_vs_people.csv
  - global_friedman_test.csv
  - group_by_domain_mean_links.csv
  - highest_link_counts.csv
  - links_by_domain.csv
  - links_by_group.csv
  - links_by_outcome.csv
  - lowest_link_counts.csv
  - minority_vs_majority_by_dimension.csv
  - pairwise_group_wilcoxon.csv
