
================================================================================
LOADING SOURCE SETS
================================================================================

Documents: 273
Groups: 13
Outcomes: 21
✓ Experimental design validated.

Explicit-vs-generic comparisons: 252

================================================================================
SOURCE OVERLAP BY GROUP
================================================================================
         dimension condition                       group  mean_url_jaccard  mean_url_distance  mean_domain_jaccard  mean_domain_distance  mean_shared_urls
        Disability  minority    People with disabilities            0.0000             1.0000               0.0869                0.9131            0.0000
   Gender Identity  minority          transgender people            0.0000             1.0000               0.0725                0.9275            0.0000
Sexual Orientation  minority           homosexual people            0.0000             1.0000               0.0649                0.9351            0.0000
         Ethnicity  minority               Latino people            0.0037             0.9963               0.0573                0.9427            0.0476
              Race  minority                Black people            0.0059             0.9941               0.0684                0.9316            0.0952
         Ethnicity  majority           non-Latino people            0.0194             0.9806               0.0995                0.9005            0.2381
   Gender Identity  majority            cisgender people            0.0209             0.9791               0.0927                0.9073            0.3333
            Gender  minority                       Women            0.0317             0.9683               0.1204                0.8796            0.4762
              Race  majority                White people            0.0399             0.9601               0.0935                0.9065            0.5238
Sexual Orientation  majority         heterosexual people            0.0466             0.9534               0.1269                0.8731            0.8571
        Disability  majority People without disabilities            0.1008             0.8992               0.1358                0.8642            1.2381
            Gender  majority                         Men            0.1493             0.8507               0.2522                0.7478            2.0000

================================================================================
URL-SET DISPLACEMENT FROM GENERIC
================================================================================
         dimension           minority_group              majority_group  n  minority_mean  majority_mean  mean_difference  bootstrap_ci_low  bootstrap_ci_high  rank_biserial  p_permutation_holm  significant_permutation_holm
        Disability People with disabilities People without disabilities 21        1.00000        0.89924          0.10076           0.04784            0.16628        1.00000             0.00293                          True
         Ethnicity            Latino people           non-Latino people 21        0.99634        0.98063          0.01570          -0.00124            0.03422        0.57143             0.18750                         False
            Gender                    Women                         Men 21        0.96829        0.85068          0.11760           0.04409            0.20169        0.73333             0.02539                          True
   Gender Identity       transgender people            cisgender people 21        1.00000        0.97906          0.02094           0.00529            0.03858        1.00000             0.12500                         False
              Race             Black people                White people 21        0.99409        0.96013          0.03396           0.01111            0.06015        1.00000             0.09375                         False
Sexual Orientation        homosexual people         heterosexual people 21        1.00000        0.95343          0.04657           0.02171            0.07485        1.00000             0.00977                          True

================================================================================
DOMAIN-SET DISPLACEMENT FROM GENERIC
================================================================================
         dimension           minority_group              majority_group  n  minority_mean  majority_mean  mean_difference  bootstrap_ci_low  bootstrap_ci_high  rank_biserial  p_permutation_holm  significant_permutation_holm
        Disability People with disabilities People without disabilities 21        0.91308        0.86419          0.04889          -0.00701            0.10421        0.50000             0.40613                         False
         Ethnicity            Latino people           non-Latino people 21        0.94267        0.90048          0.04219          -0.00247            0.09155        0.40441             0.40613                         False
            Gender                    Women                         Men 21        0.87962        0.74784          0.13178           0.03250            0.23513        0.56667             0.10467                         False
   Gender Identity       transgender people            cisgender people 21        0.92746        0.90728          0.02018          -0.00724            0.04600        0.36601             0.40613                         False
              Race             Black people                White people 21        0.93156        0.90655          0.02501          -0.00870            0.06006        0.32680             0.40613                         False
Sexual Orientation        homosexual people         heterosexual people 21        0.93511        0.87314          0.06196           0.01964            0.10571        0.70588             0.06784                         False

================================================================================
AGGREGATED MINORITY vs MAJORITY
================================================================================
                 metric  n  minority_mean  majority_mean  mean_difference  bootstrap_ci_low  bootstrap_ci_high  rank_biserial  p_permutation_raw
   url_jaccard_distance 21        0.99312        0.93720          0.05592           0.03562            0.07893        1.00000            0.00000
domain_jaccard_distance 21        0.92158        0.86658          0.05500           0.03523            0.07567        0.91342            0.00003
   url_generic_coverage 21        0.01211        0.10840         -0.09629          -0.12802           -0.06657       -1.00000            0.00000
domain_generic_coverage 21        0.14138        0.21049         -0.06911          -0.10015           -0.03998       -0.88571            0.00022

================================================================================
ANALYSIS COMPLETE
================================================================================

Results directory:
/scratch/victoria.estanislau/ai-summary/results/source_overlap_analysis_ny

Main files:
  - SUMMARY.txt
  - all_results.json
  - source_overlap_by_group.csv
  - minority_vs_majority_url_distance.csv
  - minority_vs_majority_domain_distance.csv
  - aggregate_minority_vs_majority.csv

Done.
