
================================================================================
LOADING GOOGLE AIO DOCUMENTS
================================================================================

Queries loaded: 273
Groups: 13
Outcomes: 21

Manifest records: 1,630
Source occurrences: 2,225

Usable source texts: 866

================================================================================
LOADING MULTILINGUAL EMBEDDING MODEL
================================================================================

Model: sentence-transformers/paraphrase-multilingual-mpnet-base-v2
Device: cuda

Loading weights:   0%|          | 0/199 [00:00<?, ?it/s]
Loading weights: 100%|██████████| 199/199 [00:00<00:00, 13278.39it/s]
[transformers] Token indices sequence length is longer than the specified maximum sequence length for this model (13822 > 128). Running this sequence through the model will result in indexing errors
Model max sequence length: 128

================================================================================
BUILDING SOURCE CHUNKS
================================================================================

Source chunks: 60,051
Sources truncated at 500 chunks: 10

Embedding source chunks...

Batches:   0%|          | 0/939 [00:00<?, ?it/s]
Batches:   0%|          | 1/939 [00:00<04:53,  3.20it/s]
Batches:   0%|          | 4/939 [00:00<01:24, 11.06it/s]
Batches:   1%|          | 7/939 [00:00<00:58, 16.06it/s]
Batches:   1%|          | 10/939 [00:00<00:48, 19.32it/s]
Batches:   1%|▏         | 13/939 [00:00<00:43, 21.50it/s]
Batches:   2%|▏         | 16/939 [00:00<00:40, 22.95it/s]
Batches:   2%|▏         | 19/939 [00:00<00:38, 23.96it/s]
Batches:   2%|▏         | 22/939 [00:01<00:37, 24.69it/s]
Batches:   3%|▎         | 25/939 [00:01<00:36, 25.10it/s]
Batches:   3%|▎         | 28/939 [00:01<00:35, 25.48it/s]
Batches:   3%|▎         | 31/939 [00:01<00:35, 25.69it/s]
Batches:   4%|▎         | 34/939 [00:01<00:34, 25.87it/s]
Batches:   4%|▍         | 37/939 [00:01<00:34, 25.93it/s]
Batches:   4%|▍         | 40/939 [00:01<00:34, 26.03it/s]
Batches:   5%|▍         | 43/939 [00:01<00:34, 26.14it/s]
Batches:   5%|▍         | 46/939 [00:02<00:34, 26.17it/s]
Batches:   5%|▌         | 49/939 [00:02<00:34, 26.12it/s]
Batches:   6%|▌         | 52/939 [00:02<00:33, 26.14it/s]
Batches:   6%|▌         | 55/939 [00:02<00:33, 26.13it/s]
Batches:   6%|▌         | 58/939 [00:02<00:33, 26.11it/s]
Batches:   6%|▋         | 61/939 [00:02<00:33, 26.15it/s]
Batches:   7%|▋         | 64/939 [00:02<00:33, 26.19it/s]
Batches:   7%|▋         | 67/939 [00:02<00:33, 26.22it/s]
Batches:   7%|▋         | 70/939 [00:02<00:33, 26.26it/s]
Batches:   8%|▊         | 73/939 [00:03<00:33, 26.22it/s]
Batches:   8%|▊         | 76/939 [00:03<00:33, 26.10it/s]
Batches:   8%|▊         | 79/939 [00:03<00:32, 26.09it/s]
Batches:   9%|▊         | 82/939 [00:03<00:32, 26.12it/s]
Batches:   9%|▉         | 85/939 [00:03<00:32, 26.06it/s]
Batches:   9%|▉         | 88/939 [00:03<00:32, 26.04it/s]
Batches:  10%|▉         | 91/939 [00:03<00:32, 26.00it/s]
Batches:  10%|█         | 94/939 [00:03<00:32, 26.01it/s]
Batches:  10%|█         | 97/939 [00:03<00:32, 25.97it/s]
Batches:  11%|█         | 100/939 [00:04<00:32, 26.05it/s]
Batches:  11%|█         | 103/939 [00:04<00:32, 26.08it/s]
Batches:  11%|█▏        | 106/939 [00:04<00:31, 26.08it/s]
Batches:  12%|█▏        | 109/939 [00:04<00:31, 26.14it/s]
Batches:  12%|█▏        | 112/939 [00:04<00:31, 26.22it/s]
Batches:  12%|█▏        | 115/939 [00:04<00:31, 26.23it/s]
Batches:  13%|█▎        | 118/939 [00:04<00:31, 26.21it/s]
Batches:  13%|█▎        | 121/939 [00:04<00:31, 26.18it/s]
Batches:  13%|█▎        | 124/939 [00:05<00:31, 26.15it/s]
Batches:  14%|█▎        | 127/939 [00:05<00:31, 26.13it/s]
Batches:  14%|█▍        | 130/939 [00:05<00:30, 26.14it/s]
Batches:  14%|█▍        | 133/939 [00:05<00:30, 26.13it/s]
Batches:  14%|█▍        | 136/939 [00:05<00:30, 26.10it/s]
Batches:  15%|█▍        | 139/939 [00:05<00:30, 26.08it/s]
Batches:  15%|█▌        | 142/939 [00:05<00:30, 26.09it/s]
Batches:  15%|█▌        | 145/939 [00:05<00:30, 26.14it/s]
Batches:  16%|█▌        | 148/939 [00:05<00:30, 26.16it/s]
Batches:  16%|█▌        | 151/939 [00:06<00:30, 26.22it/s]
Batches:  16%|█▋        | 154/939 [00:06<00:29, 26.22it/s]
Batches:  17%|█▋        | 157/939 [00:06<00:29, 26.17it/s]
Batches:  17%|█▋        | 160/939 [00:06<00:29, 26.07it/s]
Batches:  17%|█▋        | 163/939 [00:06<00:29, 26.13it/s]
Batches:  18%|█▊        | 166/939 [00:06<00:29, 26.12it/s]
Batches:  18%|█▊        | 169/939 [00:06<00:29, 26.15it/s]
Batches:  18%|█▊        | 172/939 [00:06<00:29, 26.14it/s]
Batches:  19%|█▊        | 175/939 [00:06<00:29, 26.05it/s]
Batches:  19%|█▉        | 178/939 [00:07<00:29, 26.07it/s]
Batches:  19%|█▉        | 181/939 [00:07<00:29, 26.04it/s]
Batches:  20%|█▉        | 184/939 [00:07<00:29, 26.00it/s]
Batches:  20%|█▉        | 187/939 [00:07<00:28, 25.97it/s]
Batches:  20%|██        | 190/939 [00:07<00:28, 26.05it/s]
Batches:  21%|██        | 193/939 [00:07<00:28, 26.13it/s]
Batches:  21%|██        | 196/939 [00:07<00:28, 26.05it/s]
Batches:  21%|██        | 199/939 [00:07<00:28, 25.99it/s]
Batches:  22%|██▏       | 202/939 [00:08<00:28, 26.05it/s]
Batches:  22%|██▏       | 205/939 [00:08<00:28, 25.99it/s]
Batches:  22%|██▏       | 208/939 [00:08<00:28, 25.99it/s]
Batches:  22%|██▏       | 211/939 [00:08<00:28, 25.98it/s]
Batches:  23%|██▎       | 214/939 [00:08<00:27, 26.01it/s]
Batches:  23%|██▎       | 217/939 [00:08<00:27, 25.99it/s]
Batches:  23%|██▎       | 220/939 [00:08<00:27, 26.08it/s]
Batches:  24%|██▎       | 223/939 [00:08<00:27, 26.13it/s]
Batches:  24%|██▍       | 226/939 [00:08<00:27, 26.11it/s]
Batches:  24%|██▍       | 229/939 [00:09<00:27, 26.07it/s]
Batches:  25%|██▍       | 232/939 [00:09<00:27, 26.11it/s]
Batches:  25%|██▌       | 235/939 [00:09<00:26, 26.12it/s]
Batches:  25%|██▌       | 238/939 [00:09<00:26, 26.09it/s]
Batches:  26%|██▌       | 241/939 [00:09<00:26, 26.03it/s]
Batches:  26%|██▌       | 244/939 [00:09<00:26, 26.05it/s]
Batches:  26%|██▋       | 247/939 [00:09<00:26, 26.04it/s]
Batches:  27%|██▋       | 250/939 [00:09<00:26, 26.04it/s]
Batches:  27%|██▋       | 253/939 [00:09<00:26, 26.03it/s]
Batches:  27%|██▋       | 256/939 [00:10<00:26, 26.02it/s]
Batches:  28%|██▊       | 259/939 [00:10<00:26, 26.04it/s]
Batches:  28%|██▊       | 262/939 [00:10<00:25, 26.11it/s]
Batches:  28%|██▊       | 265/939 [00:10<00:25, 26.12it/s]
Batches:  29%|██▊       | 268/939 [00:10<00:25, 26.06it/s]
Batches:  29%|██▉       | 271/939 [00:10<00:25, 26.07it/s]
Batches:  29%|██▉       | 274/939 [00:10<00:25, 26.14it/s]
Batches:  29%|██▉       | 277/939 [00:10<00:25, 26.16it/s]
Batches:  30%|██▉       | 280/939 [00:10<00:25, 26.07it/s]
Batches:  30%|███       | 283/939 [00:11<00:25, 26.11it/s]
Batches:  30%|███       | 286/939 [00:11<00:25, 26.12it/s]
Batches:  31%|███       | 289/939 [00:11<00:24, 26.17it/s]
Batches:  31%|███       | 292/939 [00:11<00:24, 26.15it/s]
Batches:  31%|███▏      | 295/939 [00:11<00:24, 26.16it/s]
Batches:  32%|███▏      | 298/939 [00:11<00:24, 26.19it/s]
Batches:  32%|███▏      | 301/939 [00:11<00:24, 26.23it/s]
Batches:  32%|███▏      | 304/939 [00:11<00:24, 26.12it/s]
Batches:  33%|███▎      | 307/939 [00:12<00:24, 26.08it/s]
Batches:  33%|███▎      | 310/939 [00:12<00:24, 26.14it/s]
Batches:  33%|███▎      | 313/939 [00:12<00:23, 26.17it/s]
Batches:  34%|███▎      | 316/939 [00:12<00:23, 26.11it/s]
Batches:  34%|███▍      | 319/939 [00:12<00:23, 26.02it/s]
Batches:  34%|███▍      | 322/939 [00:12<00:23, 25.90it/s]
Batches:  35%|███▍      | 325/939 [00:12<00:23, 25.96it/s]
Batches:  35%|███▍      | 328/939 [00:12<00:23, 26.06it/s]
Batches:  35%|███▌      | 331/939 [00:12<00:23, 25.98it/s]
Batches:  36%|███▌      | 334/939 [00:13<00:23, 25.93it/s]
Batches:  36%|███▌      | 337/939 [00:13<00:23, 26.07it/s]
Batches:  36%|███▌      | 340/939 [00:13<00:22, 26.11it/s]
Batches:  37%|███▋      | 343/939 [00:13<00:22, 26.06it/s]
Batches:  37%|███▋      | 346/939 [00:13<00:22, 26.03it/s]
Batches:  37%|███▋      | 349/939 [00:13<00:22, 26.02it/s]
Batches:  37%|███▋      | 352/939 [00:13<00:22, 26.10it/s]
Batches:  38%|███▊      | 355/939 [00:13<00:22, 26.09it/s]
Batches:  38%|███▊      | 358/939 [00:13<00:22, 26.03it/s]
Batches:  38%|███▊      | 361/939 [00:14<00:22, 26.10it/s]
Batches:  39%|███▉      | 364/939 [00:14<00:22, 26.10it/s]
Batches:  39%|███▉      | 367/939 [00:14<00:21, 26.12it/s]
Batches:  39%|███▉      | 370/939 [00:14<00:21, 26.04it/s]
Batches:  40%|███▉      | 373/939 [00:14<00:21, 25.93it/s]
Batches:  40%|████      | 376/939 [00:14<00:21, 25.99it/s]
Batches:  40%|████      | 379/939 [00:14<00:21, 26.06it/s]
Batches:  41%|████      | 382/939 [00:14<00:21, 26.13it/s]
Batches:  41%|████      | 385/939 [00:15<00:21, 26.12it/s]
Batches:  41%|████▏     | 388/939 [00:15<00:21, 26.14it/s]
Batches:  42%|████▏     | 391/939 [00:15<00:20, 26.10it/s]
Batches:  42%|████▏     | 394/939 [00:15<00:20, 26.10it/s]
Batches:  42%|████▏     | 397/939 [00:15<00:20, 26.12it/s]
Batches:  43%|████▎     | 400/939 [00:15<00:20, 26.12it/s]
Batches:  43%|████▎     | 403/939 [00:15<00:20, 26.14it/s]
Batches:  43%|████▎     | 406/939 [00:15<00:20, 26.11it/s]
Batches:  44%|████▎     | 409/939 [00:15<00:20, 26.15it/s]
Batches:  44%|████▍     | 412/939 [00:16<00:20, 26.15it/s]
Batches:  44%|████▍     | 415/939 [00:16<00:20, 26.16it/s]
Batches:  45%|████▍     | 418/939 [00:16<00:19, 26.18it/s]
Batches:  45%|████▍     | 421/939 [00:16<00:19, 26.12it/s]
Batches:  45%|████▌     | 424/939 [00:16<00:19, 26.14it/s]
Batches:  45%|████▌     | 427/939 [00:16<00:19, 26.14it/s]
Batches:  46%|████▌     | 430/939 [00:16<00:19, 26.08it/s]
Batches:  46%|████▌     | 433/939 [00:16<00:19, 26.11it/s]
Batches:  46%|████▋     | 436/939 [00:16<00:19, 26.12it/s]
Batches:  47%|████▋     | 439/939 [00:17<00:19, 26.13it/s]
Batches:  47%|████▋     | 442/939 [00:17<00:19, 26.09it/s]
Batches:  47%|████▋     | 445/939 [00:17<00:18, 26.05it/s]
Batches:  48%|████▊     | 448/939 [00:17<00:18, 25.99it/s]
Batches:  48%|████▊     | 451/939 [00:17<00:18, 25.93it/s]
Batches:  48%|████▊     | 454/939 [00:17<00:18, 25.91it/s]
Batches:  49%|████▊     | 457/939 [00:17<00:18, 26.02it/s]
Batches:  49%|████▉     | 460/939 [00:17<00:18, 26.01it/s]
Batches:  49%|████▉     | 463/939 [00:18<00:18, 26.07it/s]
Batches:  50%|████▉     | 466/939 [00:18<00:18, 26.15it/s]
Batches:  50%|████▉     | 469/939 [00:18<00:17, 26.14it/s]
Batches:  50%|█████     | 472/939 [00:18<00:17, 26.16it/s]
Batches:  51%|█████     | 475/939 [00:18<00:17, 26.10it/s]
Batches:  51%|█████     | 478/939 [00:18<00:17, 26.07it/s]
Batches:  51%|█████     | 481/939 [00:18<00:17, 26.07it/s]
Batches:  52%|█████▏    | 484/939 [00:18<00:17, 26.10it/s]
Batches:  52%|█████▏    | 487/939 [00:18<00:17, 26.14it/s]
Batches:  52%|█████▏    | 490/939 [00:19<00:17, 26.11it/s]
Batches:  53%|█████▎    | 493/939 [00:19<00:17, 26.12it/s]
Batches:  53%|█████▎    | 496/939 [00:19<00:16, 26.11it/s]
Batches:  53%|█████▎    | 499/939 [00:19<00:16, 26.14it/s]
Batches:  53%|█████▎    | 502/939 [00:19<00:16, 26.11it/s]
Batches:  54%|█████▍    | 505/939 [00:19<00:16, 26.16it/s]
Batches:  54%|█████▍    | 508/939 [00:19<00:16, 26.15it/s]
Batches:  54%|█████▍    | 511/939 [00:19<00:16, 26.10it/s]
Batches:  55%|█████▍    | 514/939 [00:19<00:16, 26.06it/s]
Batches:  55%|█████▌    | 517/939 [00:20<00:16, 26.05it/s]
Batches:  55%|█████▌    | 520/939 [00:20<00:16, 26.05it/s]
Batches:  56%|█████▌    | 523/939 [00:20<00:16, 25.94it/s]
Batches:  56%|█████▌    | 526/939 [00:20<00:15, 26.03it/s]
Batches:  56%|█████▋    | 529/939 [00:20<00:15, 26.08it/s]
Batches:  57%|█████▋    | 532/939 [00:20<00:15, 26.08it/s]
Batches:  57%|█████▋    | 535/939 [00:20<00:15, 26.01it/s]
Batches:  57%|█████▋    | 538/939 [00:20<00:15, 25.96it/s]
Batches:  58%|█████▊    | 541/939 [00:21<00:15, 25.97it/s]
Batches:  58%|█████▊    | 544/939 [00:21<00:15, 26.00it/s]
Batches:  58%|█████▊    | 547/939 [00:21<00:15, 26.00it/s]
Batches:  59%|█████▊    | 550/939 [00:21<00:14, 26.03it/s]
Batches:  59%|█████▉    | 553/939 [00:21<00:14, 26.04it/s]
Batches:  59%|█████▉    | 556/939 [00:21<00:14, 25.97it/s]
Batches:  60%|█████▉    | 559/939 [00:21<00:14, 25.92it/s]
Batches:  60%|█████▉    | 562/939 [00:21<00:14, 25.60it/s]
Batches:  60%|██████    | 565/939 [00:21<00:14, 25.66it/s]
Batches:  60%|██████    | 568/939 [00:22<00:14, 25.73it/s]
Batches:  61%|██████    | 571/939 [00:22<00:14, 25.78it/s]
Batches:  61%|██████    | 574/939 [00:22<00:14, 25.79it/s]
Batches:  61%|██████▏   | 577/939 [00:22<00:14, 25.86it/s]
Batches:  62%|██████▏   | 580/939 [00:22<00:13, 25.84it/s]
Batches:  62%|██████▏   | 583/939 [00:22<00:13, 25.73it/s]
Batches:  62%|██████▏   | 586/939 [00:22<00:13, 25.69it/s]
Batches:  63%|██████▎   | 589/939 [00:22<00:13, 25.76it/s]
Batches:  63%|██████▎   | 592/939 [00:22<00:13, 25.84it/s]
Batches:  63%|██████▎   | 595/939 [00:23<00:13, 25.89it/s]
Batches:  64%|██████▎   | 598/939 [00:23<00:13, 25.97it/s]
Batches:  64%|██████▍   | 601/939 [00:23<00:13, 25.98it/s]
Batches:  64%|██████▍   | 604/939 [00:23<00:12, 25.91it/s]
Batches:  65%|██████▍   | 607/939 [00:23<00:12, 25.93it/s]
Batches:  65%|██████▍   | 610/939 [00:23<00:12, 25.82it/s]
Batches:  65%|██████▌   | 613/939 [00:23<00:12, 25.87it/s]
Batches:  66%|██████▌   | 616/939 [00:23<00:12, 25.76it/s]
Batches:  66%|██████▌   | 619/939 [00:24<00:12, 25.83it/s]
Batches:  66%|██████▌   | 622/939 [00:24<00:12, 25.80it/s]
Batches:  67%|██████▋   | 625/939 [00:24<00:12, 25.77it/s]
Batches:  67%|██████▋   | 628/939 [00:24<00:12, 25.72it/s]
Batches:  67%|██████▋   | 631/939 [00:24<00:11, 25.79it/s]
Batches:  68%|██████▊   | 634/939 [00:24<00:11, 25.85it/s]
Batches:  68%|██████▊   | 637/939 [00:24<00:11, 25.80it/s]
Batches:  68%|██████▊   | 640/939 [00:24<00:11, 25.83it/s]
Batches:  68%|██████▊   | 643/939 [00:24<00:11, 25.81it/s]
Batches:  69%|██████▉   | 646/939 [00:25<00:11, 25.90it/s]
Batches:  69%|██████▉   | 649/939 [00:25<00:11, 25.93it/s]
Batches:  69%|██████▉   | 652/939 [00:25<00:11, 25.88it/s]
Batches:  70%|██████▉   | 655/939 [00:25<00:10, 25.89it/s]
Batches:  70%|███████   | 658/939 [00:25<00:10, 25.92it/s]
Batches:  70%|███████   | 661/939 [00:25<00:10, 25.91it/s]
Batches:  71%|███████   | 664/939 [00:25<00:10, 25.92it/s]
Batches:  71%|███████   | 667/939 [00:25<00:10, 25.78it/s]
Batches:  71%|███████▏  | 670/939 [00:25<00:10, 25.72it/s]
Batches:  72%|███████▏  | 673/939 [00:26<00:10, 25.76it/s]
Batches:  72%|███████▏  | 676/939 [00:26<00:10, 25.80it/s]
Batches:  72%|███████▏  | 679/939 [00:26<00:10, 25.84it/s]
Batches:  73%|███████▎  | 682/939 [00:26<00:09, 25.73it/s]
Batches:  73%|███████▎  | 685/939 [00:26<00:09, 25.69it/s]
Batches:  73%|███████▎  | 688/939 [00:26<00:09, 25.77it/s]
Batches:  74%|███████▎  | 691/939 [00:26<00:09, 25.85it/s]
Batches:  74%|███████▍  | 694/939 [00:26<00:09, 25.93it/s]
Batches:  74%|███████▍  | 697/939 [00:27<00:09, 25.87it/s]
Batches:  75%|███████▍  | 700/939 [00:27<00:09, 25.83it/s]
Batches:  75%|███████▍  | 703/939 [00:27<00:09, 25.93it/s]
Batches:  75%|███████▌  | 706/939 [00:27<00:08, 25.93it/s]
Batches:  76%|███████▌  | 709/939 [00:27<00:08, 25.84it/s]
Batches:  76%|███████▌  | 712/939 [00:27<00:08, 25.86it/s]
Batches:  76%|███████▌  | 715/939 [00:27<00:08, 25.88it/s]
Batches:  76%|███████▋  | 718/939 [00:27<00:08, 25.84it/s]
Batches:  77%|███████▋  | 721/939 [00:27<00:08, 25.75it/s]
Batches:  77%|███████▋  | 724/939 [00:28<00:08, 25.58it/s]
Batches:  77%|███████▋  | 727/939 [00:28<00:08, 25.57it/s]
Batches:  78%|███████▊  | 730/939 [00:28<00:08, 25.50it/s]
Batches:  78%|███████▊  | 733/939 [00:28<00:08, 25.23it/s]
Batches:  78%|███████▊  | 736/939 [00:28<00:08, 25.10it/s]
Batches:  79%|███████▊  | 739/939 [00:28<00:07, 25.14it/s]
Batches:  79%|███████▉  | 742/939 [00:28<00:07, 25.08it/s]
Batches:  79%|███████▉  | 745/939 [00:28<00:07, 25.07it/s]
Batches:  80%|███████▉  | 748/939 [00:29<00:07, 25.07it/s]
Batches:  80%|███████▉  | 751/939 [00:29<00:07, 25.10it/s]
Batches:  80%|████████  | 754/939 [00:29<00:07, 25.15it/s]
Batches:  81%|████████  | 757/939 [00:29<00:07, 25.07it/s]
Batches:  81%|████████  | 760/939 [00:29<00:07, 25.07it/s]
Batches:  81%|████████▏ | 763/939 [00:29<00:07, 25.02it/s]
Batches:  82%|████████▏ | 766/939 [00:29<00:06, 24.95it/s]
Batches:  82%|████████▏ | 769/939 [00:29<00:06, 25.05it/s]
Batches:  82%|████████▏ | 772/939 [00:30<00:06, 25.05it/s]
Batches:  83%|████████▎ | 775/939 [00:30<00:06, 25.01it/s]
Batches:  83%|████████▎ | 778/939 [00:30<00:06, 24.92it/s]
Batches:  83%|████████▎ | 781/939 [00:30<00:06, 25.00it/s]
Batches:  83%|████████▎ | 784/939 [00:30<00:06, 25.12it/s]
Batches:  84%|████████▍ | 787/939 [00:30<00:06, 25.17it/s]
Batches:  84%|████████▍ | 790/939 [00:30<00:05, 25.15it/s]
Batches:  84%|████████▍ | 793/939 [00:30<00:05, 25.08it/s]
Batches:  85%|████████▍ | 796/939 [00:30<00:05, 25.01it/s]
Batches:  85%|████████▌ | 799/939 [00:31<00:05, 25.23it/s]
Batches:  85%|████████▌ | 802/939 [00:31<00:05, 25.49it/s]
Batches:  86%|████████▌ | 805/939 [00:31<00:05, 25.68it/s]
Batches:  86%|████████▌ | 808/939 [00:31<00:05, 25.85it/s]
Batches:  86%|████████▋ | 811/939 [00:31<00:04, 25.91it/s]
Batches:  87%|████████▋ | 814/939 [00:31<00:04, 25.92it/s]
Batches:  87%|████████▋ | 817/939 [00:31<00:04, 25.97it/s]
Batches:  87%|████████▋ | 820/939 [00:31<00:04, 26.03it/s]
Batches:  88%|████████▊ | 823/939 [00:31<00:04, 26.11it/s]
Batches:  88%|████████▊ | 826/939 [00:32<00:04, 26.14it/s]
Batches:  88%|████████▊ | 829/939 [00:32<00:04, 26.03it/s]
Batches:  89%|████████▊ | 832/939 [00:32<00:04, 26.05it/s]
Batches:  89%|████████▉ | 835/939 [00:32<00:03, 26.04it/s]
Batches:  89%|████████▉ | 838/939 [00:32<00:03, 25.93it/s]
Batches:  90%|████████▉ | 841/939 [00:32<00:03, 25.98it/s]
Batches:  90%|████████▉ | 844/939 [00:32<00:03, 26.06it/s]
Batches:  90%|█████████ | 847/939 [00:32<00:03, 26.12it/s]
Batches:  91%|█████████ | 850/939 [00:33<00:03, 26.15it/s]
Batches:  91%|█████████ | 853/939 [00:33<00:03, 26.03it/s]
Batches:  91%|█████████ | 856/939 [00:33<00:03, 26.01it/s]
Batches:  91%|█████████▏| 859/939 [00:33<00:03, 26.06it/s]
Batches:  92%|█████████▏| 862/939 [00:33<00:02, 26.08it/s]
Batches:  92%|█████████▏| 865/939 [00:33<00:02, 26.14it/s]
Batches:  92%|█████████▏| 868/939 [00:33<00:02, 26.11it/s]
Batches:  93%|█████████▎| 871/939 [00:33<00:02, 26.12it/s]
Batches:  93%|█████████▎| 874/939 [00:33<00:02, 26.10it/s]
Batches:  93%|█████████▎| 877/939 [00:34<00:02, 26.14it/s]
Batches:  94%|█████████▎| 880/939 [00:34<00:02, 26.18it/s]
Batches:  94%|█████████▍| 883/939 [00:34<00:02, 26.17it/s]
Batches:  94%|█████████▍| 886/939 [00:34<00:02, 26.17it/s]
Batches:  95%|█████████▍| 889/939 [00:34<00:01, 26.15it/s]
Batches:  95%|█████████▍| 892/939 [00:34<00:01, 25.99it/s]
Batches:  95%|█████████▌| 895/939 [00:34<00:01, 26.04it/s]
Batches:  96%|█████████▌| 898/939 [00:34<00:01, 26.13it/s]
Batches:  96%|█████████▌| 901/939 [00:34<00:01, 26.13it/s]
Batches:  96%|█████████▋| 904/939 [00:35<00:01, 26.14it/s]
Batches:  97%|█████████▋| 907/939 [00:35<00:01, 26.21it/s]
Batches:  97%|█████████▋| 910/939 [00:35<00:01, 26.28it/s]
Batches:  97%|█████████▋| 913/939 [00:35<00:00, 26.35it/s]
Batches:  98%|█████████▊| 916/939 [00:35<00:00, 26.39it/s]
Batches:  98%|█████████▊| 919/939 [00:35<00:00, 26.40it/s]
Batches:  98%|█████████▊| 922/939 [00:35<00:00, 26.35it/s]
Batches:  99%|█████████▊| 925/939 [00:35<00:00, 26.30it/s]
Batches:  99%|█████████▉| 928/939 [00:36<00:00, 26.35it/s]
Batches:  99%|█████████▉| 931/939 [00:36<00:00, 26.35it/s]
Batches:  99%|█████████▉| 934/939 [00:36<00:00, 26.36it/s]
Batches: 100%|█████████▉| 937/939 [00:36<00:00, 26.37it/s]
Batches: 100%|██████████| 939/939 [00:36<00:00, 25.79it/s]

Embedding queries...

================================================================================
SELECTING QUERY-RELEVANT EVIDENCE
================================================================================

Selected evidence passages: 3,665

================================================================================
BUILDING AIO CHUNKS
================================================================================

AIO chunks: 1,750

================================================================================
EMBEDDING EVIDENCE + AIO CHUNKS
================================================================================

Batches:   0%|          | 0/58 [00:00<?, ?it/s]
Batches:   5%|▌         | 3/58 [00:00<00:02, 25.30it/s]
Batches:  10%|█         | 6/58 [00:00<00:02, 25.56it/s]
Batches:  16%|█▌        | 9/58 [00:00<00:01, 25.63it/s]
Batches:  21%|██        | 12/58 [00:00<00:01, 25.63it/s]
Batches:  26%|██▌       | 15/58 [00:00<00:01, 25.50it/s]
Batches:  31%|███       | 18/58 [00:00<00:01, 25.59it/s]
Batches:  36%|███▌      | 21/58 [00:00<00:01, 25.67it/s]
Batches:  41%|████▏     | 24/58 [00:00<00:01, 25.75it/s]
Batches:  47%|████▋     | 27/58 [00:01<00:01, 25.70it/s]
Batches:  52%|█████▏    | 30/58 [00:01<00:01, 25.80it/s]
Batches:  57%|█████▋    | 33/58 [00:01<00:00, 25.77it/s]
Batches:  62%|██████▏   | 36/58 [00:01<00:00, 25.70it/s]
Batches:  67%|██████▋   | 39/58 [00:01<00:00, 25.79it/s]
Batches:  72%|███████▏  | 42/58 [00:01<00:00, 25.82it/s]
Batches:  78%|███████▊  | 45/58 [00:01<00:00, 25.84it/s]
Batches:  83%|████████▎ | 48/58 [00:01<00:00, 25.82it/s]
Batches:  88%|████████▊ | 51/58 [00:01<00:00, 25.88it/s]
Batches:  93%|█████████▎| 54/58 [00:02<00:00, 25.90it/s]
Batches:  98%|█████████▊| 57/58 [00:02<00:00, 25.91it/s]
Batches: 100%|██████████| 58/58 [00:02<00:00, 26.08it/s]

Batches:   0%|          | 0/28 [00:00<?, ?it/s]
Batches:  14%|█▍        | 4/28 [00:00<00:00, 33.05it/s]
Batches:  29%|██▊       | 8/28 [00:00<00:00, 33.43it/s]
Batches:  43%|████▎     | 12/28 [00:00<00:00, 33.41it/s]
Batches:  57%|█████▋    | 16/28 [00:00<00:00, 33.51it/s]
Batches:  71%|███████▏  | 20/28 [00:00<00:00, 33.52it/s]
Batches:  86%|████████▌ | 24/28 [00:00<00:00, 33.62it/s]
Batches: 100%|██████████| 28/28 [00:00<00:00, 35.08it/s]

================================================================================
MATCHING EVIDENCE TO AIO
================================================================================
Processed 25/273 queries
Processed 50/273 queries
Processed 75/273 queries
Processed 100/273 queries
Processed 125/273 queries
Processed 150/273 queries
Processed 175/273 queries
Processed 200/273 queries
Processed 225/273 queries
Processed 250/273 queries

================================================================================
EVIDENCE -> SYNTHESIS V2 COMPLETE
================================================================================

Mean fetch coverage: 0.543
Median fetch coverage: 0.545

Reference eligible queries (>= 50% and >= 3 sources): 161

REFERENCE 50% DIMENSION TESTS
         dimension  n           minority_group              majority_group  minority_mean  majority_mean  mean_difference  bootstrap_ci_low  bootstrap_ci_high  rank_biserial  p_permutation_holm  significant_permutation_holm
        Disability  6 People with disabilities People without disabilities        0.27667        0.27835         -0.00168          -0.04480            0.03963        0.04762             0.96875                         False
         Ethnicity  4            Latino people           non-Latino people        0.22440        0.24776         -0.02336          -0.04668            0.00010       -0.80000             0.92969                         False
            Gender 10                    Women                         Men        0.32466        0.30459          0.02007          -0.01038            0.04751        0.49091             0.92969                         False
   Gender Identity  7       transgender people            cisgender people        0.27393        0.30261         -0.02867          -0.06347            0.01635       -0.50000             0.92969                         False
              Race  8             Black people                White people        0.23962        0.28640         -0.04678          -0.06374           -0.02885       -1.00000             0.04688                          True
Sexual Orientation  7        homosexual people         heterosexual people        0.22623        0.32410         -0.09786          -0.13119           -0.06478       -1.00000             0.07812                         False

AGGREGATE COVERAGE SENSITIVITY
 coverage_threshold  n_outcomes  mean_dimensions_per_outcome  mean_difference  bootstrap_ci_low  bootstrap_ci_high  p_permutation_raw
                0.4          18                      3.33333         -0.01480          -0.03067            0.00103            0.09251
                0.5          13                      2.76923         -0.02122          -0.04013           -0.00178            0.05957
                0.6           5                      2.60000         -0.02956          -0.05114           -0.00799            0.06250
                0.7           2                      2.50000         -0.04033          -0.05902           -0.02165            0.50000

BLOCK-AWARE PIPELINE CORRELATIONS
                             metric_x                              metric_y  n_observations  n_blocks  blocked_rank_correlation  cluster_bootstrap_ci_low  cluster_bootstrap_ci_high  p_blocked_permutation_holm  significant_holm
                 url_jaccard_distance     dense_distance_subject_normalized             252        21                   0.28099                   0.15329                    0.38836                     0.00030              True
              domain_jaccard_distance     dense_distance_subject_normalized             252        21                   0.26202                   0.12774                    0.38871                     0.00050              True
                 url_jaccard_distance evidence_semantic_gap_source_balanced             148        21                  -0.23881                  -0.44670                   -0.04245                     0.04185              True
              domain_jaccard_distance evidence_semantic_gap_source_balanced             148        21                  -0.19665                  -0.34857                   -0.06765                     0.04460              True
evidence_semantic_gap_source_balanced     dense_distance_subject_normalized             148        21                  -0.34636                  -0.48242                   -0.20258                     0.00220              True
          answer_support_semantic_gap     dense_distance_subject_normalized             148        21                  -0.21833                  -0.34171                   -0.07543                     0.04410              True

Results directory:
/scratch/victoria.estanislau/ai-summary/results/evidence_synthesis_analysis_ny_v2

Main JSON:
/scratch/victoria.estanislau/ai-summary/results/evidence_synthesis_analysis_ny_v2/all_results_v2.json

Done.
