
================================================================================
LOADING GOOGLE AIO DOCUMENTS
================================================================================

Queries loaded: 273
Groups: 13
Outcomes: 21

Manifest records: 1,595
Source occurrences: 2,127

Usable source texts: 883

================================================================================
LOADING MULTILINGUAL EMBEDDING MODEL
================================================================================

Model: sentence-transformers/paraphrase-multilingual-mpnet-base-v2
Device: cuda

Loading weights:   0%|          | 0/199 [00:00<?, ?it/s]
Loading weights: 100%|██████████| 199/199 [00:00<00:00, 12767.76it/s]
[transformers] Token indices sequence length is longer than the specified maximum sequence length for this model (13822 > 128). Running this sequence through the model will result in indexing errors
Model max sequence length: 128

================================================================================
BUILDING SOURCE CHUNKS
================================================================================

Source chunks: 65,232
Sources truncated at 500 chunks: 10

Embedding source chunks...

Batches:   0%|          | 0/1020 [00:00<?, ?it/s]
Batches:   0%|          | 1/1020 [00:00<05:20,  3.18it/s]
Batches:   0%|          | 4/1020 [00:00<01:32, 10.93it/s]
Batches:   1%|          | 7/1020 [00:00<01:04, 15.76it/s]
Batches:   1%|          | 10/1020 [00:00<00:53, 18.96it/s]
Batches:   1%|▏         | 13/1020 [00:00<00:47, 21.17it/s]
Batches:   2%|▏         | 16/1020 [00:00<00:44, 22.63it/s]
Batches:   2%|▏         | 19/1020 [00:01<00:42, 23.70it/s]
Batches:   2%|▏         | 22/1020 [00:01<00:40, 24.44it/s]
Batches:   2%|▏         | 25/1020 [00:01<00:39, 24.89it/s]
Batches:   3%|▎         | 28/1020 [00:01<00:39, 25.25it/s]
Batches:   3%|▎         | 31/1020 [00:01<00:38, 25.51it/s]
Batches:   3%|▎         | 34/1020 [00:01<00:38, 25.72it/s]
Batches:   4%|▎         | 37/1020 [00:01<00:38, 25.81it/s]
Batches:   4%|▍         | 40/1020 [00:01<00:37, 25.85it/s]
Batches:   4%|▍         | 43/1020 [00:01<00:37, 25.90it/s]
Batches:   5%|▍         | 46/1020 [00:02<00:37, 25.97it/s]
Batches:   5%|▍         | 49/1020 [00:02<00:37, 25.98it/s]
Batches:   5%|▌         | 52/1020 [00:02<00:37, 25.88it/s]
Batches:   5%|▌         | 55/1020 [00:02<00:37, 25.90it/s]
Batches:   6%|▌         | 58/1020 [00:02<00:37, 25.98it/s]
Batches:   6%|▌         | 61/1020 [00:02<00:36, 25.94it/s]
Batches:   6%|▋         | 64/1020 [00:02<00:36, 25.90it/s]
Batches:   7%|▋         | 67/1020 [00:02<00:36, 25.90it/s]
Batches:   7%|▋         | 70/1020 [00:02<00:36, 25.96it/s]
Batches:   7%|▋         | 73/1020 [00:03<00:36, 25.95it/s]
Batches:   7%|▋         | 76/1020 [00:03<00:36, 25.99it/s]
Batches:   8%|▊         | 79/1020 [00:03<00:36, 25.88it/s]
Batches:   8%|▊         | 82/1020 [00:03<00:36, 25.91it/s]
Batches:   8%|▊         | 85/1020 [00:03<00:36, 25.94it/s]
Batches:   9%|▊         | 88/1020 [00:03<00:35, 25.90it/s]
Batches:   9%|▉         | 91/1020 [00:03<00:35, 25.96it/s]
Batches:   9%|▉         | 94/1020 [00:03<00:35, 26.00it/s]
Batches:  10%|▉         | 97/1020 [00:04<00:35, 25.89it/s]
Batches:  10%|▉         | 100/1020 [00:04<00:35, 25.92it/s]
Batches:  10%|█         | 103/1020 [00:04<00:35, 25.90it/s]
Batches:  10%|█         | 106/1020 [00:04<00:35, 25.88it/s]
Batches:  11%|█         | 109/1020 [00:04<00:35, 25.91it/s]
Batches:  11%|█         | 112/1020 [00:04<00:35, 25.89it/s]
Batches:  11%|█▏        | 115/1020 [00:04<00:35, 25.82it/s]
Batches:  12%|█▏        | 118/1020 [00:04<00:34, 25.82it/s]
Batches:  12%|█▏        | 121/1020 [00:04<00:34, 25.83it/s]
Batches:  12%|█▏        | 124/1020 [00:05<00:34, 25.87it/s]
Batches:  12%|█▏        | 127/1020 [00:05<00:34, 25.91it/s]
Batches:  13%|█▎        | 130/1020 [00:05<00:34, 25.86it/s]
Batches:  13%|█▎        | 133/1020 [00:05<00:34, 25.90it/s]
Batches:  13%|█▎        | 136/1020 [00:05<00:34, 25.91it/s]
Batches:  14%|█▎        | 139/1020 [00:05<00:34, 25.88it/s]
Batches:  14%|█▍        | 142/1020 [00:05<00:33, 25.91it/s]
Batches:  14%|█▍        | 145/1020 [00:05<00:33, 25.90it/s]
Batches:  15%|█▍        | 148/1020 [00:05<00:33, 25.90it/s]
Batches:  15%|█▍        | 151/1020 [00:06<00:33, 25.94it/s]
Batches:  15%|█▌        | 154/1020 [00:06<00:33, 25.97it/s]
Batches:  15%|█▌        | 157/1020 [00:06<00:33, 25.96it/s]
Batches:  16%|█▌        | 160/1020 [00:06<00:33, 25.97it/s]
Batches:  16%|█▌        | 163/1020 [00:06<00:33, 25.95it/s]
Batches:  16%|█▋        | 166/1020 [00:06<00:32, 25.95it/s]
Batches:  17%|█▋        | 169/1020 [00:06<00:32, 26.00it/s]
Batches:  17%|█▋        | 172/1020 [00:06<00:32, 26.00it/s]
Batches:  17%|█▋        | 175/1020 [00:07<00:32, 26.09it/s]
Batches:  17%|█▋        | 178/1020 [00:07<00:32, 25.98it/s]
Batches:  18%|█▊        | 181/1020 [00:07<00:32, 26.01it/s]
Batches:  18%|█▊        | 184/1020 [00:07<00:32, 26.03it/s]
Batches:  18%|█▊        | 187/1020 [00:07<00:32, 26.01it/s]
Batches:  19%|█▊        | 190/1020 [00:07<00:31, 26.01it/s]
Batches:  19%|█▉        | 193/1020 [00:07<00:31, 26.05it/s]
Batches:  19%|█▉        | 196/1020 [00:07<00:31, 26.00it/s]
Batches:  20%|█▉        | 199/1020 [00:07<00:31, 26.02it/s]
Batches:  20%|█▉        | 202/1020 [00:08<00:31, 26.03it/s]
Batches:  20%|██        | 205/1020 [00:08<00:31, 25.98it/s]
Batches:  20%|██        | 208/1020 [00:08<00:31, 25.99it/s]
Batches:  21%|██        | 211/1020 [00:08<00:31, 26.04it/s]
Batches:  21%|██        | 214/1020 [00:08<00:30, 26.01it/s]
Batches:  21%|██▏       | 217/1020 [00:08<00:30, 25.99it/s]
Batches:  22%|██▏       | 220/1020 [00:08<00:30, 26.01it/s]
Batches:  22%|██▏       | 223/1020 [00:08<00:30, 25.99it/s]
Batches:  22%|██▏       | 226/1020 [00:08<00:30, 25.98it/s]
Batches:  22%|██▏       | 229/1020 [00:09<00:30, 25.98it/s]
Batches:  23%|██▎       | 232/1020 [00:09<00:30, 25.88it/s]
Batches:  23%|██▎       | 235/1020 [00:09<00:30, 25.93it/s]
Batches:  23%|██▎       | 238/1020 [00:09<00:30, 25.89it/s]
Batches:  24%|██▎       | 241/1020 [00:09<00:30, 25.92it/s]
Batches:  24%|██▍       | 244/1020 [00:09<00:29, 25.98it/s]
Batches:  24%|██▍       | 247/1020 [00:09<00:29, 25.94it/s]
Batches:  25%|██▍       | 250/1020 [00:09<00:29, 25.94it/s]
Batches:  25%|██▍       | 253/1020 [00:10<00:29, 25.98it/s]
Batches:  25%|██▌       | 256/1020 [00:10<00:29, 26.02it/s]
Batches:  25%|██▌       | 259/1020 [00:10<00:29, 26.03it/s]
Batches:  26%|██▌       | 262/1020 [00:10<00:29, 26.03it/s]
Batches:  26%|██▌       | 265/1020 [00:10<00:28, 26.04it/s]
Batches:  26%|██▋       | 268/1020 [00:10<00:29, 25.88it/s]
Batches:  27%|██▋       | 271/1020 [00:10<00:28, 25.90it/s]
Batches:  27%|██▋       | 274/1020 [00:10<00:28, 25.98it/s]
Batches:  27%|██▋       | 277/1020 [00:10<00:28, 25.97it/s]
Batches:  27%|██▋       | 280/1020 [00:11<00:28, 25.97it/s]
Batches:  28%|██▊       | 283/1020 [00:11<00:28, 25.95it/s]
Batches:  28%|██▊       | 286/1020 [00:11<00:28, 25.88it/s]
Batches:  28%|██▊       | 289/1020 [00:11<00:28, 25.94it/s]
Batches:  29%|██▊       | 292/1020 [00:11<00:28, 25.91it/s]
Batches:  29%|██▉       | 295/1020 [00:11<00:27, 25.94it/s]
Batches:  29%|██▉       | 298/1020 [00:11<00:27, 25.92it/s]
Batches:  30%|██▉       | 301/1020 [00:11<00:27, 25.96it/s]
Batches:  30%|██▉       | 304/1020 [00:11<00:27, 25.93it/s]
Batches:  30%|███       | 307/1020 [00:12<00:27, 25.95it/s]
Batches:  30%|███       | 310/1020 [00:12<00:27, 25.97it/s]
Batches:  31%|███       | 313/1020 [00:12<00:27, 25.94it/s]
Batches:  31%|███       | 316/1020 [00:12<00:27, 25.97it/s]
Batches:  31%|███▏      | 319/1020 [00:12<00:27, 25.91it/s]
Batches:  32%|███▏      | 322/1020 [00:12<00:26, 25.88it/s]
Batches:  32%|███▏      | 325/1020 [00:12<00:26, 25.84it/s]
Batches:  32%|███▏      | 328/1020 [00:12<00:26, 25.90it/s]
Batches:  32%|███▏      | 331/1020 [00:13<00:26, 25.93it/s]
Batches:  33%|███▎      | 334/1020 [00:13<00:26, 25.94it/s]
Batches:  33%|███▎      | 337/1020 [00:13<00:26, 25.97it/s]
Batches:  33%|███▎      | 340/1020 [00:13<00:26, 25.92it/s]
Batches:  34%|███▎      | 343/1020 [00:13<00:26, 25.94it/s]
Batches:  34%|███▍      | 346/1020 [00:13<00:25, 25.95it/s]
Batches:  34%|███▍      | 349/1020 [00:13<00:25, 25.93it/s]
Batches:  35%|███▍      | 352/1020 [00:13<00:25, 25.93it/s]
Batches:  35%|███▍      | 355/1020 [00:13<00:25, 25.92it/s]
Batches:  35%|███▌      | 358/1020 [00:14<00:25, 25.90it/s]
Batches:  35%|███▌      | 361/1020 [00:14<00:25, 25.93it/s]
Batches:  36%|███▌      | 364/1020 [00:14<00:25, 25.95it/s]
Batches:  36%|███▌      | 367/1020 [00:14<00:25, 25.88it/s]
Batches:  36%|███▋      | 370/1020 [00:14<00:25, 25.81it/s]
Batches:  37%|███▋      | 373/1020 [00:14<00:25, 25.83it/s]
Batches:  37%|███▋      | 376/1020 [00:14<00:24, 25.79it/s]
Batches:  37%|███▋      | 379/1020 [00:14<00:24, 25.80it/s]
Batches:  37%|███▋      | 382/1020 [00:15<00:24, 25.82it/s]
Batches:  38%|███▊      | 385/1020 [00:15<00:24, 25.92it/s]
Batches:  38%|███▊      | 388/1020 [00:15<00:24, 25.93it/s]
Batches:  38%|███▊      | 391/1020 [00:15<00:24, 26.00it/s]
Batches:  39%|███▊      | 394/1020 [00:15<00:24, 25.98it/s]
Batches:  39%|███▉      | 397/1020 [00:15<00:24, 25.92it/s]
Batches:  39%|███▉      | 400/1020 [00:15<00:23, 25.87it/s]
Batches:  40%|███▉      | 403/1020 [00:15<00:23, 25.93it/s]
Batches:  40%|███▉      | 406/1020 [00:15<00:23, 25.81it/s]
Batches:  40%|████      | 409/1020 [00:16<00:23, 25.52it/s]
Batches:  40%|████      | 412/1020 [00:16<00:23, 25.40it/s]
Batches:  41%|████      | 415/1020 [00:16<00:23, 25.52it/s]
Batches:  41%|████      | 418/1020 [00:16<00:23, 25.62it/s]
Batches:  41%|████▏     | 421/1020 [00:16<00:23, 25.71it/s]
Batches:  42%|████▏     | 424/1020 [00:16<00:23, 25.67it/s]
Batches:  42%|████▏     | 427/1020 [00:16<00:23, 25.73it/s]
Batches:  42%|████▏     | 430/1020 [00:16<00:22, 25.76it/s]
Batches:  42%|████▏     | 433/1020 [00:16<00:22, 25.89it/s]
Batches:  43%|████▎     | 436/1020 [00:17<00:22, 25.90it/s]
Batches:  43%|████▎     | 439/1020 [00:17<00:22, 25.88it/s]
Batches:  43%|████▎     | 442/1020 [00:17<00:22, 25.82it/s]
Batches:  44%|████▎     | 445/1020 [00:17<00:22, 25.87it/s]
Batches:  44%|████▍     | 448/1020 [00:17<00:22, 25.84it/s]
Batches:  44%|████▍     | 451/1020 [00:17<00:22, 25.84it/s]
Batches:  45%|████▍     | 454/1020 [00:17<00:22, 25.71it/s]
Batches:  45%|████▍     | 457/1020 [00:17<00:21, 25.66it/s]
Batches:  45%|████▌     | 460/1020 [00:18<00:21, 25.64it/s]
Batches:  45%|████▌     | 463/1020 [00:18<00:21, 25.67it/s]
Batches:  46%|████▌     | 466/1020 [00:18<00:21, 25.72it/s]
Batches:  46%|████▌     | 469/1020 [00:18<00:21, 25.78it/s]
Batches:  46%|████▋     | 472/1020 [00:18<00:21, 25.68it/s]
Batches:  47%|████▋     | 475/1020 [00:18<00:21, 25.69it/s]
Batches:  47%|████▋     | 478/1020 [00:18<00:21, 25.73it/s]
Batches:  47%|████▋     | 481/1020 [00:18<00:20, 25.78it/s]
Batches:  47%|████▋     | 484/1020 [00:18<00:20, 25.77it/s]
Batches:  48%|████▊     | 487/1020 [00:19<00:20, 25.72it/s]
Batches:  48%|████▊     | 490/1020 [00:19<00:20, 25.74it/s]
Batches:  48%|████▊     | 493/1020 [00:19<00:20, 25.71it/s]
Batches:  49%|████▊     | 496/1020 [00:19<00:20, 25.66it/s]
Batches:  49%|████▉     | 499/1020 [00:19<00:20, 25.65it/s]
Batches:  49%|████▉     | 502/1020 [00:19<00:20, 25.65it/s]
Batches:  50%|████▉     | 505/1020 [00:19<00:20, 25.60it/s]
Batches:  50%|████▉     | 508/1020 [00:19<00:19, 25.61it/s]
Batches:  50%|█████     | 511/1020 [00:20<00:19, 25.60it/s]
Batches:  50%|█████     | 514/1020 [00:20<00:19, 25.53it/s]
Batches:  51%|█████     | 517/1020 [00:20<00:19, 25.59it/s]
Batches:  51%|█████     | 520/1020 [00:20<00:19, 25.66it/s]
Batches:  51%|█████▏    | 523/1020 [00:20<00:19, 25.59it/s]
Batches:  52%|█████▏    | 526/1020 [00:20<00:19, 25.66it/s]
Batches:  52%|█████▏    | 529/1020 [00:20<00:19, 25.68it/s]
Batches:  52%|█████▏    | 532/1020 [00:20<00:19, 25.60it/s]
Batches:  52%|█████▏    | 535/1020 [00:20<00:18, 25.59it/s]
Batches:  53%|█████▎    | 538/1020 [00:21<00:18, 25.57it/s]
Batches:  53%|█████▎    | 541/1020 [00:21<00:18, 25.51it/s]
Batches:  53%|█████▎    | 544/1020 [00:21<00:18, 25.53it/s]
Batches:  54%|█████▎    | 547/1020 [00:21<00:18, 25.38it/s]
Batches:  54%|█████▍    | 550/1020 [00:21<00:18, 25.25it/s]
Batches:  54%|█████▍    | 553/1020 [00:21<00:18, 25.19it/s]
Batches:  55%|█████▍    | 556/1020 [00:21<00:18, 25.05it/s]
Batches:  55%|█████▍    | 559/1020 [00:21<00:18, 24.88it/s]
Batches:  55%|█████▌    | 562/1020 [00:22<00:18, 24.70it/s]
Batches:  55%|█████▌    | 565/1020 [00:22<00:18, 24.76it/s]
Batches:  56%|█████▌    | 568/1020 [00:22<00:18, 24.82it/s]
Batches:  56%|█████▌    | 571/1020 [00:22<00:18, 24.85it/s]
Batches:  56%|█████▋    | 574/1020 [00:22<00:18, 24.50it/s]
Batches:  57%|█████▋    | 577/1020 [00:22<00:18, 24.46it/s]
Batches:  57%|█████▋    | 580/1020 [00:22<00:17, 24.46it/s]
Batches:  57%|█████▋    | 583/1020 [00:22<00:17, 24.56it/s]
Batches:  57%|█████▋    | 586/1020 [00:23<00:17, 24.48it/s]
Batches:  58%|█████▊    | 589/1020 [00:23<00:17, 24.46it/s]
Batches:  58%|█████▊    | 592/1020 [00:23<00:17, 24.54it/s]
Batches:  58%|█████▊    | 595/1020 [00:23<00:17, 24.44it/s]
Batches:  59%|█████▊    | 598/1020 [00:23<00:17, 24.50it/s]
Batches:  59%|█████▉    | 601/1020 [00:23<00:17, 24.42it/s]
Batches:  59%|█████▉    | 604/1020 [00:23<00:16, 24.50it/s]
Batches:  60%|█████▉    | 607/1020 [00:23<00:16, 24.50it/s]
Batches:  60%|█████▉    | 610/1020 [00:23<00:16, 24.56it/s]
Batches:  60%|██████    | 613/1020 [00:24<00:16, 24.68it/s]
Batches:  60%|██████    | 616/1020 [00:24<00:16, 24.67it/s]
Batches:  61%|██████    | 619/1020 [00:24<00:16, 24.41it/s]
Batches:  61%|██████    | 622/1020 [00:24<00:16, 24.54it/s]
Batches:  61%|██████▏   | 625/1020 [00:24<00:15, 24.87it/s]
Batches:  62%|██████▏   | 628/1020 [00:24<00:15, 25.17it/s]
Batches:  62%|██████▏   | 631/1020 [00:24<00:15, 25.39it/s]
Batches:  62%|██████▏   | 634/1020 [00:24<00:15, 25.46it/s]
Batches:  62%|██████▏   | 637/1020 [00:25<00:15, 25.52it/s]
Batches:  63%|██████▎   | 640/1020 [00:25<00:14, 25.60it/s]
Batches:  63%|██████▎   | 643/1020 [00:25<00:14, 25.69it/s]
Batches:  63%|██████▎   | 646/1020 [00:25<00:14, 25.70it/s]
Batches:  64%|██████▎   | 649/1020 [00:25<00:14, 25.79it/s]
Batches:  64%|██████▍   | 652/1020 [00:25<00:14, 25.75it/s]
Batches:  64%|██████▍   | 655/1020 [00:25<00:14, 25.73it/s]
Batches:  65%|██████▍   | 658/1020 [00:25<00:14, 25.71it/s]
Batches:  65%|██████▍   | 661/1020 [00:25<00:13, 25.71it/s]
Batches:  65%|██████▌   | 664/1020 [00:26<00:13, 25.75it/s]
Batches:  65%|██████▌   | 667/1020 [00:26<00:13, 25.75it/s]
Batches:  66%|██████▌   | 670/1020 [00:26<00:13, 25.76it/s]
Batches:  66%|██████▌   | 673/1020 [00:26<00:13, 25.72it/s]
Batches:  66%|██████▋   | 676/1020 [00:26<00:13, 25.75it/s]
Batches:  67%|██████▋   | 679/1020 [00:26<00:13, 25.78it/s]
Batches:  67%|██████▋   | 682/1020 [00:26<00:13, 25.66it/s]
Batches:  67%|██████▋   | 685/1020 [00:26<00:13, 25.68it/s]
Batches:  67%|██████▋   | 688/1020 [00:27<00:12, 25.74it/s]
Batches:  68%|██████▊   | 691/1020 [00:27<00:12, 25.78it/s]
Batches:  68%|██████▊   | 694/1020 [00:27<00:12, 25.78it/s]
Batches:  68%|██████▊   | 697/1020 [00:27<00:12, 25.83it/s]
Batches:  69%|██████▊   | 700/1020 [00:27<00:12, 25.82it/s]
Batches:  69%|██████▉   | 703/1020 [00:27<00:12, 25.86it/s]
Batches:  69%|██████▉   | 706/1020 [00:27<00:12, 25.81it/s]
Batches:  70%|██████▉   | 709/1020 [00:27<00:12, 25.80it/s]
Batches:  70%|██████▉   | 712/1020 [00:27<00:11, 25.86it/s]
Batches:  70%|███████   | 715/1020 [00:28<00:11, 25.88it/s]
Batches:  70%|███████   | 718/1020 [00:28<00:11, 25.88it/s]
Batches:  71%|███████   | 721/1020 [00:28<00:11, 25.84it/s]
Batches:  71%|███████   | 724/1020 [00:28<00:11, 25.87it/s]
Batches:  71%|███████▏  | 727/1020 [00:28<00:11, 25.86it/s]
Batches:  72%|███████▏  | 730/1020 [00:28<00:11, 25.79it/s]
Batches:  72%|███████▏  | 733/1020 [00:28<00:11, 25.82it/s]
Batches:  72%|███████▏  | 736/1020 [00:28<00:11, 25.81it/s]
Batches:  72%|███████▏  | 739/1020 [00:29<00:10, 25.84it/s]
Batches:  73%|███████▎  | 742/1020 [00:29<00:10, 25.86it/s]
Batches:  73%|███████▎  | 745/1020 [00:29<00:10, 25.87it/s]
Batches:  73%|███████▎  | 748/1020 [00:29<00:10, 25.87it/s]
Batches:  74%|███████▎  | 751/1020 [00:29<00:10, 25.87it/s]
Batches:  74%|███████▍  | 754/1020 [00:29<00:10, 25.82it/s]
Batches:  74%|███████▍  | 757/1020 [00:29<00:10, 25.80it/s]
Batches:  75%|███████▍  | 760/1020 [00:29<00:10, 25.84it/s]
Batches:  75%|███████▍  | 763/1020 [00:29<00:09, 25.90it/s]
Batches:  75%|███████▌  | 766/1020 [00:30<00:09, 25.89it/s]
Batches:  75%|███████▌  | 769/1020 [00:30<00:09, 25.92it/s]
Batches:  76%|███████▌  | 772/1020 [00:30<00:09, 25.88it/s]
Batches:  76%|███████▌  | 775/1020 [00:30<00:09, 25.84it/s]
Batches:  76%|███████▋  | 778/1020 [00:30<00:09, 25.87it/s]
Batches:  77%|███████▋  | 781/1020 [00:30<00:09, 25.86it/s]
Batches:  77%|███████▋  | 784/1020 [00:30<00:09, 25.88it/s]
Batches:  77%|███████▋  | 787/1020 [00:30<00:08, 25.90it/s]
Batches:  77%|███████▋  | 790/1020 [00:30<00:08, 25.87it/s]
Batches:  78%|███████▊  | 793/1020 [00:31<00:08, 25.88it/s]
Batches:  78%|███████▊  | 796/1020 [00:31<00:08, 25.85it/s]
Batches:  78%|███████▊  | 799/1020 [00:31<00:08, 25.83it/s]
Batches:  79%|███████▊  | 802/1020 [00:31<00:08, 25.87it/s]
Batches:  79%|███████▉  | 805/1020 [00:31<00:08, 25.95it/s]
Batches:  79%|███████▉  | 808/1020 [00:31<00:08, 25.93it/s]
Batches:  80%|███████▉  | 811/1020 [00:31<00:08, 25.89it/s]
Batches:  80%|███████▉  | 814/1020 [00:31<00:07, 25.90it/s]
Batches:  80%|████████  | 817/1020 [00:32<00:07, 25.94it/s]
Batches:  80%|████████  | 820/1020 [00:32<00:07, 25.94it/s]
Batches:  81%|████████  | 823/1020 [00:32<00:07, 25.92it/s]
Batches:  81%|████████  | 826/1020 [00:32<00:07, 25.93it/s]
Batches:  81%|████████▏ | 829/1020 [00:32<00:07, 25.98it/s]
Batches:  82%|████████▏ | 832/1020 [00:32<00:07, 25.93it/s]
Batches:  82%|████████▏ | 835/1020 [00:32<00:07, 25.96it/s]
Batches:  82%|████████▏ | 838/1020 [00:32<00:07, 25.96it/s]
Batches:  82%|████████▏ | 841/1020 [00:32<00:06, 25.96it/s]
Batches:  83%|████████▎ | 844/1020 [00:33<00:06, 25.91it/s]
Batches:  83%|████████▎ | 847/1020 [00:33<00:06, 25.85it/s]
Batches:  83%|████████▎ | 850/1020 [00:33<00:06, 25.87it/s]
Batches:  84%|████████▎ | 853/1020 [00:33<00:06, 25.83it/s]
Batches:  84%|████████▍ | 856/1020 [00:33<00:06, 25.85it/s]
Batches:  84%|████████▍ | 859/1020 [00:33<00:06, 25.83it/s]
Batches:  85%|████████▍ | 862/1020 [00:33<00:06, 25.78it/s]
Batches:  85%|████████▍ | 865/1020 [00:33<00:05, 25.85it/s]
Batches:  85%|████████▌ | 868/1020 [00:33<00:05, 25.85it/s]
Batches:  85%|████████▌ | 871/1020 [00:34<00:05, 25.88it/s]
Batches:  86%|████████▌ | 874/1020 [00:34<00:05, 25.91it/s]
Batches:  86%|████████▌ | 877/1020 [00:34<00:05, 25.85it/s]
Batches:  86%|████████▋ | 880/1020 [00:34<00:05, 25.77it/s]
Batches:  87%|████████▋ | 883/1020 [00:34<00:05, 25.75it/s]
Batches:  87%|████████▋ | 886/1020 [00:34<00:05, 25.78it/s]
Batches:  87%|████████▋ | 889/1020 [00:34<00:05, 25.87it/s]
Batches:  87%|████████▋ | 892/1020 [00:34<00:04, 25.90it/s]
Batches:  88%|████████▊ | 895/1020 [00:35<00:04, 25.95it/s]
Batches:  88%|████████▊ | 898/1020 [00:35<00:04, 25.92it/s]
Batches:  88%|████████▊ | 901/1020 [00:35<00:04, 25.86it/s]
Batches:  89%|████████▊ | 904/1020 [00:35<00:04, 25.85it/s]
Batches:  89%|████████▉ | 907/1020 [00:35<00:04, 25.81it/s]
Batches:  89%|████████▉ | 910/1020 [00:35<00:04, 25.91it/s]
Batches:  90%|████████▉ | 913/1020 [00:35<00:04, 25.95it/s]
Batches:  90%|████████▉ | 916/1020 [00:35<00:03, 26.00it/s]
Batches:  90%|█████████ | 919/1020 [00:35<00:03, 26.00it/s]
Batches:  90%|█████████ | 922/1020 [00:36<00:03, 25.97it/s]
Batches:  91%|█████████ | 925/1020 [00:36<00:03, 26.00it/s]
Batches:  91%|█████████ | 928/1020 [00:36<00:03, 26.07it/s]
Batches:  91%|█████████▏| 931/1020 [00:36<00:03, 26.07it/s]
Batches:  92%|█████████▏| 934/1020 [00:36<00:03, 25.96it/s]
Batches:  92%|█████████▏| 937/1020 [00:36<00:03, 26.02it/s]
Batches:  92%|█████████▏| 940/1020 [00:36<00:03, 25.95it/s]
Batches:  92%|█████████▏| 943/1020 [00:36<00:02, 25.94it/s]
Batches:  93%|█████████▎| 946/1020 [00:37<00:02, 25.96it/s]
Batches:  93%|█████████▎| 949/1020 [00:37<00:02, 26.05it/s]
Batches:  93%|█████████▎| 952/1020 [00:37<00:02, 26.06it/s]
Batches:  94%|█████████▎| 955/1020 [00:37<00:02, 26.11it/s]
Batches:  94%|█████████▍| 958/1020 [00:37<00:02, 26.08it/s]
Batches:  94%|█████████▍| 961/1020 [00:37<00:02, 26.08it/s]
Batches:  95%|█████████▍| 964/1020 [00:37<00:02, 26.13it/s]
Batches:  95%|█████████▍| 967/1020 [00:37<00:02, 26.14it/s]
Batches:  95%|█████████▌| 970/1020 [00:37<00:01, 26.18it/s]
Batches:  95%|█████████▌| 973/1020 [00:38<00:01, 26.21it/s]
Batches:  96%|█████████▌| 976/1020 [00:38<00:01, 26.23it/s]
Batches:  96%|█████████▌| 979/1020 [00:38<00:01, 26.18it/s]
Batches:  96%|█████████▋| 982/1020 [00:38<00:01, 26.07it/s]
Batches:  97%|█████████▋| 985/1020 [00:38<00:01, 26.10it/s]
Batches:  97%|█████████▋| 988/1020 [00:38<00:01, 26.02it/s]
Batches:  97%|█████████▋| 991/1020 [00:38<00:01, 26.05it/s]
Batches:  97%|█████████▋| 994/1020 [00:38<00:00, 26.13it/s]
Batches:  98%|█████████▊| 997/1020 [00:38<00:00, 26.17it/s]
Batches:  98%|█████████▊| 1000/1020 [00:39<00:00, 26.10it/s]
Batches:  98%|█████████▊| 1003/1020 [00:39<00:00, 26.11it/s]
Batches:  99%|█████████▊| 1006/1020 [00:39<00:00, 26.17it/s]
Batches:  99%|█████████▉| 1009/1020 [00:39<00:00, 26.22it/s]
Batches:  99%|█████████▉| 1012/1020 [00:39<00:00, 26.02it/s]
Batches: 100%|█████████▉| 1015/1020 [00:39<00:00, 26.10it/s]
Batches: 100%|█████████▉| 1018/1020 [00:39<00:00, 26.16it/s]
Batches: 100%|██████████| 1020/1020 [00:39<00:00, 25.62it/s]

Embedding queries...

================================================================================
SELECTING QUERY-RELEVANT EVIDENCE
================================================================================

Selected evidence passages: 3,597

================================================================================
BUILDING AIO CHUNKS
================================================================================

AIO chunks: 1,729

================================================================================
EMBEDDING EVIDENCE + AIO CHUNKS
================================================================================

Batches:   0%|          | 0/57 [00:00<?, ?it/s]
Batches:   5%|▌         | 3/57 [00:00<00:02, 25.19it/s]
Batches:  11%|█         | 6/57 [00:00<00:02, 25.44it/s]
Batches:  16%|█▌        | 9/57 [00:00<00:01, 25.51it/s]
Batches:  21%|██        | 12/57 [00:00<00:01, 25.54it/s]
Batches:  26%|██▋       | 15/57 [00:00<00:01, 25.62it/s]
Batches:  32%|███▏      | 18/57 [00:00<00:01, 25.66it/s]
Batches:  37%|███▋      | 21/57 [00:00<00:01, 25.61it/s]
Batches:  42%|████▏     | 24/57 [00:00<00:01, 25.56it/s]
Batches:  47%|████▋     | 27/57 [00:01<00:01, 25.58it/s]
Batches:  53%|█████▎    | 30/57 [00:01<00:01, 25.65it/s]
Batches:  58%|█████▊    | 33/57 [00:01<00:00, 25.51it/s]
Batches:  63%|██████▎   | 36/57 [00:01<00:00, 25.61it/s]
Batches:  68%|██████▊   | 39/57 [00:01<00:00, 25.62it/s]
Batches:  74%|███████▎  | 42/57 [00:01<00:00, 25.65it/s]
Batches:  79%|███████▉  | 45/57 [00:01<00:00, 25.66it/s]
Batches:  84%|████████▍ | 48/57 [00:01<00:00, 25.63it/s]
Batches:  89%|████████▉ | 51/57 [00:01<00:00, 25.61it/s]
Batches:  95%|█████████▍| 54/57 [00:02<00:00, 25.66it/s]
Batches: 100%|██████████| 57/57 [00:02<00:00, 25.94it/s]

Batches:   0%|          | 0/28 [00:00<?, ?it/s]
Batches:  14%|█▍        | 4/28 [00:00<00:00, 32.88it/s]
Batches:  29%|██▊       | 8/28 [00:00<00:00, 33.00it/s]
Batches:  43%|████▎     | 12/28 [00:00<00:00, 33.10it/s]
Batches:  57%|█████▋    | 16/28 [00:00<00:00, 33.12it/s]
Batches:  71%|███████▏  | 20/28 [00:00<00:00, 33.19it/s]
Batches:  86%|████████▌ | 24/28 [00:00<00:00, 33.33it/s]
Batches: 100%|██████████| 28/28 [00:00<00:00, 34.47it/s]

================================================================================
MATCHING EVIDENCE TO AIO
================================================================================
Processed 25/273 queries
Processed 50/273 queries
Processed 75/273 queries
Processed 100/273 queries
Processed 125/273 queries
Processed 150/273 queries
Processed 175/273 queries
Processed 200/273 queries
Processed 225/273 queries
Processed 250/273 queries

================================================================================
EVIDENCE -> SYNTHESIS V2 COMPLETE
================================================================================

Mean fetch coverage: 0.556
Median fetch coverage: 0.571

Reference eligible queries (>= 50% and >= 3 sources): 171

REFERENCE 50% DIMENSION TESTS
         dimension  n           minority_group              majority_group  minority_mean  majority_mean  mean_difference  bootstrap_ci_low  bootstrap_ci_high  rank_biserial  p_permutation_holm  significant_permutation_holm
        Disability  6 People with disabilities People without disabilities        0.25346        0.25922         -0.00577          -0.03016            0.02050       -0.14286             1.00000                         False
         Ethnicity  7            Latino people           non-Latino people        0.27024        0.26021          0.01003          -0.02358            0.04376        0.28571             1.00000                         False
            Gender  6                    Women                         Men        0.32425        0.28565          0.03860          -0.01328            0.08342        0.61905             0.75000                         False
   Gender Identity 11       transgender people            cisgender people        0.26249        0.27903         -0.01655          -0.04640            0.01306       -0.27273             0.95508                         False
              Race  6             Black people                White people        0.23129        0.28005         -0.04877          -0.07999           -0.01712       -0.90476             0.31250                         False
Sexual Orientation 11        homosexual people         heterosexual people        0.22279        0.31253         -0.08973          -0.11498           -0.06555       -1.00000             0.00586                          True

AGGREGATE COVERAGE SENSITIVITY
 coverage_threshold  n_outcomes  mean_dimensions_per_outcome  mean_difference  bootstrap_ci_low  bootstrap_ci_high  p_permutation_raw
                0.4          17                      3.47059         -0.03097          -0.04847           -0.01404            0.00323
                0.5          14                      3.07143         -0.02422          -0.04089           -0.00707            0.02002
                0.6           8                      2.37500         -0.00963          -0.03809            0.01766            0.56250

BLOCK-AWARE PIPELINE CORRELATIONS
                             metric_x                              metric_y  n_observations  n_blocks  blocked_rank_correlation  cluster_bootstrap_ci_low  cluster_bootstrap_ci_high  p_blocked_permutation_holm  significant_holm
                 url_jaccard_distance     dense_distance_subject_normalized             252        21                   0.41107                   0.31080                    0.50522                     0.00030              True
              domain_jaccard_distance     dense_distance_subject_normalized             252        21                   0.13389                  -0.00297                    0.27652                     0.08050             False
                 url_jaccard_distance evidence_semantic_gap_source_balanced             160        21                  -0.22475                  -0.37388                   -0.05700                     0.05985             False
              domain_jaccard_distance evidence_semantic_gap_source_balanced             160        21                  -0.09644                  -0.24734                    0.07470                     0.30673             False
evidence_semantic_gap_source_balanced     dense_distance_subject_normalized             160        21                  -0.38620                  -0.48684                   -0.27804                     0.00050              True
          answer_support_semantic_gap     dense_distance_subject_normalized             160        21                  -0.27974                  -0.42706                   -0.10709                     0.00820              True

Results directory:
/scratch/victoria.estanislau/ai-summary/results/evidence_synthesis_analysis_dallas_v2

Main JSON:
/scratch/victoria.estanislau/ai-summary/results/evidence_synthesis_analysis_dallas_v2/all_results_v2.json

Done.
