
================================================================================
LOADING GOOGLE AIO DOCUMENTS
================================================================================

Queries loaded: 273
Groups: 13
Outcomes: 21

Manifest records: 1,595
Source occurrences: 2,127

Usable source texts: 883

================================================================================
LOADING MULTILINGUAL EMBEDDING MODEL
================================================================================

Model: sentence-transformers/paraphrase-multilingual-mpnet-base-v2
Device: cuda

Loading weights:   0%|          | 0/199 [00:00<?, ?it/s]
Loading weights: 100%|██████████| 199/199 [00:00<00:00, 4547.77it/s]
[transformers] Token indices sequence length is longer than the specified maximum sequence length for this model (13822 > 128). Running this sequence through the model will result in indexing errors
Model max sequence length: 128

================================================================================
BUILDING SOURCE CHUNKS
================================================================================

Source chunks: 65,232
Sources truncated at 500 chunks: 10

Embedding source chunks...

Batches:   0%|          | 0/1020 [00:00<?, ?it/s]
Batches:   0%|          | 1/1020 [00:00<07:08,  2.38it/s]
Batches:   0%|          | 4/1020 [00:00<01:52,  9.00it/s]
Batches:   1%|          | 7/1020 [00:00<01:13, 13.85it/s]
Batches:   1%|          | 10/1020 [00:00<00:58, 17.40it/s]
Batches:   1%|▏         | 13/1020 [00:00<00:50, 19.97it/s]
Batches:   2%|▏         | 16/1020 [00:00<00:46, 21.80it/s]
Batches:   2%|▏         | 19/1020 [00:01<00:43, 23.12it/s]
Batches:   2%|▏         | 22/1020 [00:01<00:41, 24.03it/s]
Batches:   2%|▏         | 25/1020 [00:01<00:40, 24.73it/s]
Batches:   3%|▎         | 28/1020 [00:01<00:39, 25.21it/s]
Batches:   3%|▎         | 31/1020 [00:01<00:38, 25.50it/s]
Batches:   3%|▎         | 34/1020 [00:01<00:38, 25.67it/s]
Batches:   4%|▎         | 37/1020 [00:01<00:38, 25.81it/s]
Batches:   4%|▍         | 40/1020 [00:01<00:37, 25.92it/s]
Batches:   4%|▍         | 43/1020 [00:02<00:37, 25.93it/s]
Batches:   5%|▍         | 46/1020 [00:02<00:37, 26.00it/s]
Batches:   5%|▍         | 49/1020 [00:02<00:37, 26.07it/s]
Batches:   5%|▌         | 52/1020 [00:02<00:37, 26.07it/s]
Batches:   5%|▌         | 55/1020 [00:02<00:36, 26.13it/s]
Batches:   6%|▌         | 58/1020 [00:02<00:36, 26.20it/s]
Batches:   6%|▌         | 61/1020 [00:02<00:36, 26.17it/s]
Batches:   6%|▋         | 64/1020 [00:02<00:36, 26.19it/s]
Batches:   7%|▋         | 67/1020 [00:02<00:36, 26.14it/s]
Batches:   7%|▋         | 70/1020 [00:03<00:36, 26.18it/s]
Batches:   7%|▋         | 73/1020 [00:03<00:36, 26.16it/s]
Batches:   7%|▋         | 76/1020 [00:03<00:36, 26.07it/s]
Batches:   8%|▊         | 79/1020 [00:03<00:36, 26.11it/s]
Batches:   8%|▊         | 82/1020 [00:03<00:35, 26.09it/s]
Batches:   8%|▊         | 85/1020 [00:03<00:35, 26.11it/s]
Batches:   9%|▊         | 88/1020 [00:03<00:35, 26.14it/s]
Batches:   9%|▉         | 91/1020 [00:03<00:35, 26.16it/s]
Batches:   9%|▉         | 94/1020 [00:03<00:35, 26.19it/s]
Batches:  10%|▉         | 97/1020 [00:04<00:35, 26.13it/s]
Batches:  10%|▉         | 100/1020 [00:04<00:35, 26.06it/s]
Batches:  10%|█         | 103/1020 [00:04<00:35, 25.94it/s]
Batches:  10%|█         | 106/1020 [00:04<00:35, 25.94it/s]
Batches:  11%|█         | 109/1020 [00:04<00:35, 25.99it/s]
Batches:  11%|█         | 112/1020 [00:04<00:34, 26.03it/s]
Batches:  11%|█▏        | 115/1020 [00:04<00:34, 25.92it/s]
Batches:  12%|█▏        | 118/1020 [00:04<00:34, 26.05it/s]
Batches:  12%|█▏        | 121/1020 [00:05<00:34, 26.02it/s]
Batches:  12%|█▏        | 124/1020 [00:05<00:34, 26.05it/s]
Batches:  12%|█▏        | 127/1020 [00:05<00:34, 26.10it/s]
Batches:  13%|█▎        | 130/1020 [00:05<00:34, 26.12it/s]
Batches:  13%|█▎        | 133/1020 [00:05<00:33, 26.13it/s]
Batches:  13%|█▎        | 136/1020 [00:05<00:34, 26.00it/s]
Batches:  14%|█▎        | 139/1020 [00:05<00:33, 25.94it/s]
Batches:  14%|█▍        | 142/1020 [00:05<00:33, 25.98it/s]
Batches:  14%|█▍        | 145/1020 [00:05<00:33, 26.01it/s]
Batches:  15%|█▍        | 148/1020 [00:06<00:33, 26.06it/s]
Batches:  15%|█▍        | 151/1020 [00:06<00:33, 26.04it/s]
Batches:  15%|█▌        | 154/1020 [00:06<00:33, 26.06it/s]
Batches:  15%|█▌        | 157/1020 [00:06<00:33, 26.08it/s]
Batches:  16%|█▌        | 160/1020 [00:06<00:32, 26.10it/s]
Batches:  16%|█▌        | 163/1020 [00:06<00:32, 26.10it/s]
Batches:  16%|█▋        | 166/1020 [00:06<00:32, 26.05it/s]
Batches:  17%|█▋        | 169/1020 [00:06<00:32, 25.98it/s]
Batches:  17%|█▋        | 172/1020 [00:06<00:32, 26.06it/s]
Batches:  17%|█▋        | 175/1020 [00:07<00:32, 26.06it/s]
Batches:  17%|█▋        | 178/1020 [00:07<00:32, 26.10it/s]
Batches:  18%|█▊        | 181/1020 [00:07<00:32, 26.14it/s]
Batches:  18%|█▊        | 184/1020 [00:07<00:31, 26.16it/s]
Batches:  18%|█▊        | 187/1020 [00:07<00:31, 26.12it/s]
Batches:  19%|█▊        | 190/1020 [00:07<00:31, 26.08it/s]
Batches:  19%|█▉        | 193/1020 [00:07<00:31, 25.92it/s]
Batches:  19%|█▉        | 196/1020 [00:07<00:31, 25.95it/s]
Batches:  20%|█▉        | 199/1020 [00:08<00:31, 25.96it/s]
Batches:  20%|█▉        | 202/1020 [00:08<00:31, 26.01it/s]
Batches:  20%|██        | 205/1020 [00:08<00:31, 26.03it/s]
Batches:  20%|██        | 208/1020 [00:08<00:31, 25.98it/s]
Batches:  21%|██        | 211/1020 [00:08<00:31, 26.01it/s]
Batches:  21%|██        | 214/1020 [00:08<00:30, 26.06it/s]
Batches:  21%|██▏       | 217/1020 [00:08<00:30, 26.05it/s]
Batches:  22%|██▏       | 220/1020 [00:08<00:30, 26.06it/s]
Batches:  22%|██▏       | 223/1020 [00:08<00:30, 26.06it/s]
Batches:  22%|██▏       | 226/1020 [00:09<00:30, 26.07it/s]
Batches:  22%|██▏       | 229/1020 [00:09<00:30, 26.11it/s]
Batches:  23%|██▎       | 232/1020 [00:09<00:30, 26.17it/s]
Batches:  23%|██▎       | 235/1020 [00:09<00:30, 26.13it/s]
Batches:  23%|██▎       | 238/1020 [00:09<00:29, 26.11it/s]
Batches:  24%|██▎       | 241/1020 [00:09<00:29, 26.09it/s]
Batches:  24%|██▍       | 244/1020 [00:09<00:29, 26.13it/s]
Batches:  24%|██▍       | 247/1020 [00:09<00:29, 26.09it/s]
Batches:  25%|██▍       | 250/1020 [00:09<00:29, 26.06it/s]
Batches:  25%|██▍       | 253/1020 [00:10<00:29, 26.05it/s]
Batches:  25%|██▌       | 256/1020 [00:10<00:29, 26.01it/s]
Batches:  25%|██▌       | 259/1020 [00:10<00:29, 25.99it/s]
Batches:  26%|██▌       | 262/1020 [00:10<00:29, 25.91it/s]
Batches:  26%|██▌       | 265/1020 [00:10<00:29, 26.02it/s]
Batches:  26%|██▋       | 268/1020 [00:10<00:28, 26.05it/s]
Batches:  27%|██▋       | 271/1020 [00:10<00:28, 25.91it/s]
Batches:  27%|██▋       | 274/1020 [00:10<00:28, 25.93it/s]
Batches:  27%|██▋       | 277/1020 [00:11<00:28, 25.87it/s]
Batches:  27%|██▋       | 280/1020 [00:11<00:28, 25.87it/s]
Batches:  28%|██▊       | 283/1020 [00:11<00:28, 25.95it/s]
Batches:  28%|██▊       | 286/1020 [00:11<00:28, 26.01it/s]
Batches:  28%|██▊       | 289/1020 [00:11<00:28, 25.97it/s]
Batches:  29%|██▊       | 292/1020 [00:11<00:27, 26.04it/s]
Batches:  29%|██▉       | 295/1020 [00:11<00:27, 26.03it/s]
Batches:  29%|██▉       | 298/1020 [00:11<00:27, 26.08it/s]
Batches:  30%|██▉       | 301/1020 [00:11<00:27, 26.12it/s]
Batches:  30%|██▉       | 304/1020 [00:12<00:27, 26.06it/s]
Batches:  30%|███       | 307/1020 [00:12<00:27, 26.09it/s]
Batches:  30%|███       | 310/1020 [00:12<00:27, 26.08it/s]
Batches:  31%|███       | 313/1020 [00:12<00:27, 25.99it/s]
Batches:  31%|███       | 316/1020 [00:12<00:27, 25.98it/s]
Batches:  31%|███▏      | 319/1020 [00:12<00:26, 26.00it/s]
Batches:  32%|███▏      | 322/1020 [00:12<00:26, 26.08it/s]
Batches:  32%|███▏      | 325/1020 [00:12<00:26, 26.13it/s]
Batches:  32%|███▏      | 328/1020 [00:12<00:26, 25.94it/s]
Batches:  32%|███▏      | 331/1020 [00:13<00:26, 25.94it/s]
Batches:  33%|███▎      | 334/1020 [00:13<00:26, 25.98it/s]
Batches:  33%|███▎      | 337/1020 [00:13<00:26, 25.99it/s]
Batches:  33%|███▎      | 340/1020 [00:13<00:26, 26.02it/s]
Batches:  34%|███▎      | 343/1020 [00:13<00:26, 26.02it/s]
Batches:  34%|███▍      | 346/1020 [00:13<00:25, 26.04it/s]
Batches:  34%|███▍      | 349/1020 [00:13<00:25, 26.09it/s]
Batches:  35%|███▍      | 352/1020 [00:13<00:25, 26.08it/s]
Batches:  35%|███▍      | 355/1020 [00:14<00:25, 26.06it/s]
Batches:  35%|███▌      | 358/1020 [00:14<00:25, 26.04it/s]
Batches:  35%|███▌      | 361/1020 [00:14<00:25, 26.03it/s]
Batches:  36%|███▌      | 364/1020 [00:14<00:25, 26.09it/s]
Batches:  36%|███▌      | 367/1020 [00:14<00:24, 26.14it/s]
Batches:  36%|███▋      | 370/1020 [00:14<00:24, 26.12it/s]
Batches:  37%|███▋      | 373/1020 [00:14<00:24, 26.13it/s]
Batches:  37%|███▋      | 376/1020 [00:14<00:24, 26.14it/s]
Batches:  37%|███▋      | 379/1020 [00:14<00:24, 26.12it/s]
Batches:  37%|███▋      | 382/1020 [00:15<00:24, 26.01it/s]
Batches:  38%|███▊      | 385/1020 [00:15<00:24, 25.92it/s]
Batches:  38%|███▊      | 388/1020 [00:15<00:24, 25.99it/s]
Batches:  38%|███▊      | 391/1020 [00:15<00:24, 26.02it/s]
Batches:  39%|███▊      | 394/1020 [00:15<00:24, 26.01it/s]
Batches:  39%|███▉      | 397/1020 [00:15<00:23, 25.99it/s]
Batches:  39%|███▉      | 400/1020 [00:15<00:23, 25.95it/s]
Batches:  40%|███▉      | 403/1020 [00:15<00:23, 25.94it/s]
Batches:  40%|███▉      | 406/1020 [00:15<00:23, 25.96it/s]
Batches:  40%|████      | 409/1020 [00:16<00:23, 26.00it/s]
Batches:  40%|████      | 412/1020 [00:16<00:23, 25.96it/s]
Batches:  41%|████      | 415/1020 [00:16<00:23, 26.02it/s]
Batches:  41%|████      | 418/1020 [00:16<00:23, 26.03it/s]
Batches:  41%|████▏     | 421/1020 [00:16<00:22, 26.05it/s]
Batches:  42%|████▏     | 424/1020 [00:16<00:22, 26.12it/s]
Batches:  42%|████▏     | 427/1020 [00:16<00:22, 26.05it/s]
Batches:  42%|████▏     | 430/1020 [00:16<00:22, 25.99it/s]
Batches:  42%|████▏     | 433/1020 [00:16<00:22, 26.06it/s]
Batches:  43%|████▎     | 436/1020 [00:17<00:22, 26.02it/s]
Batches:  43%|████▎     | 439/1020 [00:17<00:22, 25.97it/s]
Batches:  43%|████▎     | 442/1020 [00:17<00:22, 25.94it/s]
Batches:  44%|████▎     | 445/1020 [00:17<00:22, 25.92it/s]
Batches:  44%|████▍     | 448/1020 [00:17<00:22, 25.95it/s]
Batches:  44%|████▍     | 451/1020 [00:17<00:21, 25.88it/s]
Batches:  45%|████▍     | 454/1020 [00:17<00:21, 25.96it/s]
Batches:  45%|████▍     | 457/1020 [00:17<00:21, 25.99it/s]
Batches:  45%|████▌     | 460/1020 [00:18<00:21, 26.03it/s]
Batches:  45%|████▌     | 463/1020 [00:18<00:21, 26.00it/s]
Batches:  46%|████▌     | 466/1020 [00:18<00:21, 25.97it/s]
Batches:  46%|████▌     | 469/1020 [00:18<00:21, 25.88it/s]
Batches:  46%|████▋     | 472/1020 [00:18<00:21, 25.72it/s]
Batches:  47%|████▋     | 475/1020 [00:18<00:21, 25.78it/s]
Batches:  47%|████▋     | 478/1020 [00:18<00:20, 25.89it/s]
Batches:  47%|████▋     | 481/1020 [00:18<00:20, 25.94it/s]
Batches:  47%|████▋     | 484/1020 [00:18<00:20, 25.99it/s]
Batches:  48%|████▊     | 487/1020 [00:19<00:20, 26.00it/s]
Batches:  48%|████▊     | 490/1020 [00:19<00:20, 26.06it/s]
Batches:  48%|████▊     | 493/1020 [00:19<00:20, 25.95it/s]
Batches:  49%|████▊     | 496/1020 [00:19<00:20, 25.92it/s]
Batches:  49%|████▉     | 499/1020 [00:19<00:20, 25.98it/s]
Batches:  49%|████▉     | 502/1020 [00:19<00:19, 26.06it/s]
Batches:  50%|████▉     | 505/1020 [00:19<00:19, 26.07it/s]
Batches:  50%|████▉     | 508/1020 [00:19<00:19, 26.12it/s]
Batches:  50%|█████     | 511/1020 [00:20<00:19, 26.16it/s]
Batches:  50%|█████     | 514/1020 [00:20<00:19, 26.16it/s]
Batches:  51%|█████     | 517/1020 [00:20<00:19, 26.16it/s]
Batches:  51%|█████     | 520/1020 [00:20<00:19, 26.09it/s]
Batches:  51%|█████▏    | 523/1020 [00:20<00:19, 26.13it/s]
Batches:  52%|█████▏    | 526/1020 [00:20<00:18, 26.09it/s]
Batches:  52%|█████▏    | 529/1020 [00:20<00:18, 26.08it/s]
Batches:  52%|█████▏    | 532/1020 [00:20<00:18, 25.97it/s]
Batches:  52%|█████▏    | 535/1020 [00:20<00:18, 25.95it/s]
Batches:  53%|█████▎    | 538/1020 [00:21<00:18, 26.00it/s]
Batches:  53%|█████▎    | 541/1020 [00:21<00:18, 26.03it/s]
Batches:  53%|█████▎    | 544/1020 [00:21<00:18, 26.02it/s]
Batches:  54%|█████▎    | 547/1020 [00:21<00:18, 26.00it/s]
Batches:  54%|█████▍    | 550/1020 [00:21<00:18, 26.05it/s]
Batches:  54%|█████▍    | 553/1020 [00:21<00:17, 26.03it/s]
Batches:  55%|█████▍    | 556/1020 [00:21<00:17, 25.91it/s]
Batches:  55%|█████▍    | 559/1020 [00:21<00:17, 25.94it/s]
Batches:  55%|█████▌    | 562/1020 [00:21<00:17, 25.98it/s]
Batches:  55%|█████▌    | 565/1020 [00:22<00:17, 26.01it/s]
Batches:  56%|█████▌    | 568/1020 [00:22<00:17, 26.02it/s]
Batches:  56%|█████▌    | 571/1020 [00:22<00:17, 26.06it/s]
Batches:  56%|█████▋    | 574/1020 [00:22<00:17, 26.05it/s]
Batches:  57%|█████▋    | 577/1020 [00:22<00:16, 26.11it/s]
Batches:  57%|█████▋    | 580/1020 [00:22<00:16, 26.01it/s]
Batches:  57%|█████▋    | 583/1020 [00:22<00:16, 26.03it/s]
Batches:  57%|█████▋    | 586/1020 [00:22<00:16, 26.01it/s]
Batches:  58%|█████▊    | 589/1020 [00:23<00:16, 26.02it/s]
Batches:  58%|█████▊    | 592/1020 [00:23<00:16, 25.98it/s]
Batches:  58%|█████▊    | 595/1020 [00:23<00:16, 25.97it/s]
Batches:  59%|█████▊    | 598/1020 [00:23<00:16, 25.95it/s]
Batches:  59%|█████▉    | 601/1020 [00:23<00:16, 25.84it/s]
Batches:  59%|█████▉    | 604/1020 [00:23<00:16, 25.81it/s]
Batches:  60%|█████▉    | 607/1020 [00:23<00:15, 25.87it/s]
Batches:  60%|█████▉    | 610/1020 [00:23<00:15, 25.63it/s]
Batches:  60%|██████    | 613/1020 [00:23<00:15, 25.46it/s]
Batches:  60%|██████    | 616/1020 [00:24<00:15, 25.44it/s]
Batches:  61%|██████    | 619/1020 [00:24<00:15, 25.38it/s]
Batches:  61%|██████    | 622/1020 [00:24<00:15, 25.29it/s]
Batches:  61%|██████▏   | 625/1020 [00:24<00:15, 25.12it/s]
Batches:  62%|██████▏   | 628/1020 [00:24<00:15, 25.16it/s]
Batches:  62%|██████▏   | 631/1020 [00:24<00:15, 25.13it/s]
Batches:  62%|██████▏   | 634/1020 [00:24<00:15, 25.13it/s]
Batches:  62%|██████▏   | 637/1020 [00:24<00:15, 25.03it/s]
Batches:  63%|██████▎   | 640/1020 [00:25<00:15, 25.05it/s]
Batches:  63%|██████▎   | 643/1020 [00:25<00:15, 24.98it/s]
Batches:  63%|██████▎   | 646/1020 [00:25<00:15, 24.83it/s]
Batches:  64%|██████▎   | 649/1020 [00:25<00:14, 24.77it/s]
Batches:  64%|██████▍   | 652/1020 [00:25<00:14, 24.59it/s]
Batches:  64%|██████▍   | 655/1020 [00:25<00:14, 24.51it/s]
Batches:  65%|██████▍   | 658/1020 [00:25<00:14, 24.38it/s]
Batches:  65%|██████▍   | 661/1020 [00:25<00:14, 24.56it/s]
Batches:  65%|██████▌   | 664/1020 [00:25<00:14, 24.43it/s]
Batches:  65%|██████▌   | 667/1020 [00:26<00:14, 24.69it/s]
Batches:  66%|██████▌   | 670/1020 [00:26<00:14, 24.75it/s]
Batches:  66%|██████▌   | 673/1020 [00:26<00:13, 24.89it/s]
Batches:  66%|██████▋   | 676/1020 [00:26<00:13, 25.00it/s]
Batches:  67%|██████▋   | 679/1020 [00:26<00:13, 25.09it/s]
Batches:  67%|██████▋   | 682/1020 [00:26<00:13, 24.95it/s]
Batches:  67%|██████▋   | 685/1020 [00:26<00:13, 24.96it/s]
Batches:  67%|██████▋   | 688/1020 [00:26<00:13, 25.03it/s]
Batches:  68%|██████▊   | 691/1020 [00:27<00:13, 25.26it/s]
Batches:  68%|██████▊   | 694/1020 [00:27<00:12, 25.49it/s]
Batches:  68%|██████▊   | 697/1020 [00:27<00:12, 25.66it/s]
Batches:  69%|██████▊   | 700/1020 [00:27<00:12, 25.75it/s]
Batches:  69%|██████▉   | 703/1020 [00:27<00:12, 25.82it/s]
Batches:  69%|██████▉   | 706/1020 [00:27<00:12, 25.90it/s]
Batches:  70%|██████▉   | 709/1020 [00:27<00:11, 25.95it/s]
Batches:  70%|██████▉   | 712/1020 [00:27<00:11, 25.93it/s]
Batches:  70%|███████   | 715/1020 [00:27<00:11, 25.98it/s]
Batches:  70%|███████   | 718/1020 [00:28<00:11, 26.02it/s]
Batches:  71%|███████   | 721/1020 [00:28<00:11, 26.01it/s]
Batches:  71%|███████   | 724/1020 [00:28<00:11, 25.99it/s]
Batches:  71%|███████▏  | 727/1020 [00:28<00:11, 25.90it/s]
Batches:  72%|███████▏  | 730/1020 [00:28<00:11, 25.86it/s]
Batches:  72%|███████▏  | 733/1020 [00:28<00:11, 25.85it/s]
Batches:  72%|███████▏  | 736/1020 [00:28<00:10, 25.87it/s]
Batches:  72%|███████▏  | 739/1020 [00:28<00:10, 25.84it/s]
Batches:  73%|███████▎  | 742/1020 [00:29<00:10, 25.91it/s]
Batches:  73%|███████▎  | 745/1020 [00:29<00:10, 25.93it/s]
Batches:  73%|███████▎  | 748/1020 [00:29<00:10, 25.95it/s]
