
================================================================================
LOADING SOURCE SETS
================================================================================

Documents: 273
Groups: 13
Outcomes: 21
✓ Experimental design validated.

Explicit-vs-generic comparisons: 252

================================================================================
SOURCE OVERLAP BY GROUP
================================================================================
         dimension condition                       group  mean_url_jaccard  mean_url_distance  mean_domain_jaccard  mean_domain_distance  mean_shared_urls
        Disability  minority    People with disabilities            0.0000             1.0000               0.0549                0.9451            0.0000
   Gender Identity  minority          transgender people            0.0000             1.0000               0.0854                0.9146            0.0000
Sexual Orientation  minority           homosexual people            0.0000             1.0000               0.0625                0.9375            0.0000
              Race  minority                Black people            0.0068             0.9932               0.0845                0.9155            0.1429
         Ethnicity  minority               Latino people            0.0094             0.9906               0.0586                0.9414            0.1429
   Gender Identity  majority            cisgender people            0.0128             0.9872               0.0799                0.9201            0.2857
            Gender  minority                       Women            0.0262             0.9738               0.1116                0.8884            0.4762
         Ethnicity  majority           non-Latino people            0.0283             0.9717               0.0830                0.9170            0.3810
              Race  majority                White people            0.0315             0.9685               0.0964                0.9036            0.4286
Sexual Orientation  majority         heterosexual people            0.0518             0.9482               0.1011                0.8989            0.7619
        Disability  majority People without disabilities            0.0897             0.9103               0.1208                0.8792            1.0952
            Gender  majority                         Men            0.1539             0.8461               0.2470                0.7530            1.9524

================================================================================
URL-SET DISPLACEMENT FROM GENERIC
================================================================================
         dimension           minority_group              majority_group  n  minority_mean  majority_mean  mean_difference  bootstrap_ci_low  bootstrap_ci_high  rank_biserial  p_permutation_holm  significant_permutation_holm
        Disability People with disabilities People without disabilities 21        1.00000        0.91030          0.08970           0.04004            0.14520        1.00000             0.01953                          True
         Ethnicity            Latino people           non-Latino people 21        0.99055        0.97171          0.01884           0.00083            0.03888        0.78571             0.15625                         False
            Gender                    Women                         Men 21        0.97383        0.84607          0.12777           0.07329            0.18668        0.97059             0.00055                          True
   Gender Identity       transgender people            cisgender people 21        1.00000        0.98722          0.01278           0.00000            0.02787        1.00000             0.25000                         False
              Race             Black people                White people 21        0.99317        0.96852          0.02464           0.00560            0.04838        1.00000             0.09375                         False
Sexual Orientation        homosexual people         heterosexual people 21        1.00000        0.94822          0.05178           0.01889            0.09192        1.00000             0.01953                          True

================================================================================
DOMAIN-SET DISPLACEMENT FROM GENERIC
================================================================================
         dimension           minority_group              majority_group  n  minority_mean  majority_mean  mean_difference  bootstrap_ci_low  bootstrap_ci_high  rank_biserial  p_permutation_holm  significant_permutation_holm
        Disability People with disabilities People without disabilities 21        0.94506        0.87919          0.06587           0.00998            0.12670        0.56209             0.20065                         False
         Ethnicity            Latino people           non-Latino people 21        0.94140        0.91700          0.02440          -0.01106            0.06222        0.40952             0.65515                         False
            Gender                    Women                         Men 21        0.88838        0.75301          0.13536           0.06958            0.20980        0.80087             0.00240                          True
   Gender Identity       transgender people            cisgender people 21        0.91462        0.92009         -0.00547          -0.03921            0.02886       -0.01471             1.00000                         False
              Race             Black people                White people 21        0.91546        0.90357          0.01189          -0.02184            0.04684        0.23810             1.00000                         False
Sexual Orientation        homosexual people         heterosexual people 21        0.93747        0.89887          0.03859          -0.00701            0.08756        0.42500             0.54712                         False

================================================================================
AGGREGATED MINORITY vs MAJORITY
================================================================================
                 metric  n  minority_mean  majority_mean  mean_difference  bootstrap_ci_low  bootstrap_ci_high  rank_biserial  p_permutation_raw
   url_jaccard_distance 21        0.99292        0.93867          0.05425           0.03550            0.07439        0.98947            0.00002
domain_jaccard_distance 21        0.92373        0.87862          0.04511           0.02323            0.06850        0.75758            0.00074
   url_generic_coverage 21        0.01323        0.09247         -0.07924          -0.10799           -0.05187       -0.96842            0.00002
domain_generic_coverage 21        0.14581        0.18151         -0.03570          -0.07082           -0.00244       -0.45029            0.05908

================================================================================
ANALYSIS COMPLETE
================================================================================

Results directory:
/scratch/victoria.estanislau/ai-summary/results/source_overlap_analysis_la

Main files:
  - SUMMARY.txt
  - all_results.json
  - source_overlap_by_group.csv
  - minority_vs_majority_url_distance.csv
  - minority_vs_majority_domain_distance.csv
  - aggregate_minority_vs_majority.csv

Done.
