
================================================================================
LOADING GOOGLE AIO DOCUMENTS
================================================================================

Queries loaded: 273
Groups: 13
Outcomes: 21

Manifest records: 1,559
Source occurrences: 2,156

Usable source texts: 809

================================================================================
LOADING MULTILINGUAL EMBEDDING MODEL
================================================================================

Model: sentence-transformers/paraphrase-multilingual-mpnet-base-v2
Device: cuda

Loading weights:   0%|          | 0/199 [00:00<?, ?it/s]
Loading weights: 100%|██████████| 199/199 [00:00<00:00, 13674.09it/s]
[transformers] Token indices sequence length is longer than the specified maximum sequence length for this model (1147 > 128). Running this sequence through the model will result in indexing errors
Model max sequence length: 128

================================================================================
BUILDING SOURCE CHUNKS
================================================================================

Source chunks: 52,220
Sources truncated at 500 chunks: 5

Embedding source chunks...

Batches:   0%|          | 0/816 [00:00<?, ?it/s]
Batches:   0%|          | 1/816 [00:00<04:30,  3.02it/s]
Batches:   0%|          | 4/816 [00:00<01:16, 10.62it/s]
Batches:   1%|          | 7/816 [00:00<00:51, 15.57it/s]
Batches:   1%|          | 10/816 [00:00<00:42, 18.95it/s]
Batches:   2%|▏         | 13/816 [00:00<00:37, 21.24it/s]
Batches:   2%|▏         | 16/816 [00:00<00:35, 22.67it/s]
Batches:   2%|▏         | 19/816 [00:01<00:33, 23.78it/s]
Batches:   3%|▎         | 22/816 [00:01<00:32, 24.54it/s]
Batches:   3%|▎         | 25/816 [00:01<00:31, 25.06it/s]
Batches:   3%|▎         | 28/816 [00:01<00:31, 25.36it/s]
Batches:   4%|▍         | 31/816 [00:01<00:30, 25.64it/s]
Batches:   4%|▍         | 34/816 [00:01<00:30, 25.75it/s]
Batches:   5%|▍         | 37/816 [00:01<00:30, 25.85it/s]
Batches:   5%|▍         | 40/816 [00:01<00:29, 25.92it/s]
Batches:   5%|▌         | 43/816 [00:01<00:29, 25.92it/s]
Batches:   6%|▌         | 46/816 [00:02<00:29, 26.03it/s]
Batches:   6%|▌         | 49/816 [00:02<00:29, 26.12it/s]
Batches:   6%|▋         | 52/816 [00:02<00:29, 26.18it/s]
Batches:   7%|▋         | 55/816 [00:02<00:29, 26.22it/s]
Batches:   7%|▋         | 58/816 [00:02<00:28, 26.15it/s]
Batches:   7%|▋         | 61/816 [00:02<00:28, 26.16it/s]
Batches:   8%|▊         | 64/816 [00:02<00:28, 26.15it/s]
Batches:   8%|▊         | 67/816 [00:02<00:28, 26.19it/s]
Batches:   9%|▊         | 70/816 [00:02<00:28, 26.13it/s]
Batches:   9%|▉         | 73/816 [00:03<00:28, 26.19it/s]
Batches:   9%|▉         | 76/816 [00:03<00:28, 26.22it/s]
Batches:  10%|▉         | 79/816 [00:03<00:28, 26.18it/s]
Batches:  10%|█         | 82/816 [00:03<00:28, 26.11it/s]
Batches:  10%|█         | 85/816 [00:03<00:27, 26.18it/s]
Batches:  11%|█         | 88/816 [00:03<00:27, 26.09it/s]
Batches:  11%|█         | 91/816 [00:03<00:27, 26.03it/s]
Batches:  12%|█▏        | 94/816 [00:03<00:27, 26.10it/s]
Batches:  12%|█▏        | 97/816 [00:04<00:27, 25.95it/s]
Batches:  12%|█▏        | 100/816 [00:04<00:27, 25.83it/s]
Batches:  13%|█▎        | 103/816 [00:04<00:27, 25.67it/s]
Batches:  13%|█▎        | 106/816 [00:04<00:28, 25.35it/s]
Batches:  13%|█▎        | 109/816 [00:04<00:27, 25.30it/s]
Batches:  14%|█▎        | 112/816 [00:04<00:27, 25.22it/s]
Batches:  14%|█▍        | 115/816 [00:04<00:27, 25.30it/s]
Batches:  14%|█▍        | 118/816 [00:04<00:27, 25.26it/s]
Batches:  15%|█▍        | 121/816 [00:04<00:27, 25.29it/s]
Batches:  15%|█▌        | 124/816 [00:05<00:27, 25.16it/s]
Batches:  16%|█▌        | 127/816 [00:05<00:27, 24.98it/s]
Batches:  16%|█▌        | 130/816 [00:05<00:27, 24.98it/s]
Batches:  16%|█▋        | 133/816 [00:05<00:27, 25.00it/s]
Batches:  17%|█▋        | 136/816 [00:05<00:27, 24.88it/s]
Batches:  17%|█▋        | 139/816 [00:05<00:27, 24.94it/s]
Batches:  17%|█▋        | 142/816 [00:05<00:26, 25.01it/s]
Batches:  18%|█▊        | 145/816 [00:05<00:26, 25.02it/s]
Batches:  18%|█▊        | 148/816 [00:06<00:26, 25.08it/s]
Batches:  19%|█▊        | 151/816 [00:06<00:26, 25.11it/s]
Batches:  19%|█▉        | 154/816 [00:06<00:26, 24.87it/s]
Batches:  19%|█▉        | 157/816 [00:06<00:26, 24.88it/s]
Batches:  20%|█▉        | 160/816 [00:06<00:26, 25.00it/s]
Batches:  20%|█▉        | 163/816 [00:06<00:26, 25.10it/s]
Batches:  20%|██        | 166/816 [00:06<00:25, 25.10it/s]
Batches:  21%|██        | 169/816 [00:06<00:25, 25.14it/s]
Batches:  21%|██        | 172/816 [00:06<00:25, 25.21it/s]
Batches:  21%|██▏       | 175/816 [00:07<00:25, 25.44it/s]
Batches:  22%|██▏       | 178/816 [00:07<00:24, 25.57it/s]
Batches:  22%|██▏       | 181/816 [00:07<00:24, 25.78it/s]
Batches:  23%|██▎       | 184/816 [00:07<00:24, 25.93it/s]
Batches:  23%|██▎       | 187/816 [00:07<00:24, 25.96it/s]
Batches:  23%|██▎       | 190/816 [00:07<00:24, 25.85it/s]
Batches:  24%|██▎       | 193/816 [00:07<00:24, 25.78it/s]
Batches:  24%|██▍       | 196/816 [00:07<00:23, 25.84it/s]
Batches:  24%|██▍       | 199/816 [00:08<00:23, 25.87it/s]
Batches:  25%|██▍       | 202/816 [00:08<00:23, 25.91it/s]
Batches:  25%|██▌       | 205/816 [00:08<00:23, 26.03it/s]
Batches:  25%|██▌       | 208/816 [00:08<00:23, 26.05it/s]
Batches:  26%|██▌       | 211/816 [00:08<00:23, 26.08it/s]
Batches:  26%|██▌       | 214/816 [00:08<00:23, 26.11it/s]
Batches:  27%|██▋       | 217/816 [00:08<00:22, 26.07it/s]
Batches:  27%|██▋       | 220/816 [00:08<00:22, 26.08it/s]
Batches:  27%|██▋       | 223/816 [00:08<00:22, 26.13it/s]
Batches:  28%|██▊       | 226/816 [00:09<00:22, 25.99it/s]
Batches:  28%|██▊       | 229/816 [00:09<00:22, 26.02it/s]
Batches:  28%|██▊       | 232/816 [00:09<00:22, 26.00it/s]
Batches:  29%|██▉       | 235/816 [00:09<00:22, 26.00it/s]
Batches:  29%|██▉       | 238/816 [00:09<00:22, 25.90it/s]
Batches:  30%|██▉       | 241/816 [00:09<00:22, 25.91it/s]
Batches:  30%|██▉       | 244/816 [00:09<00:22, 25.91it/s]
Batches:  30%|███       | 247/816 [00:09<00:22, 25.86it/s]
Batches:  31%|███       | 250/816 [00:09<00:21, 25.94it/s]
Batches:  31%|███       | 253/816 [00:10<00:21, 25.96it/s]
Batches:  31%|███▏      | 256/816 [00:10<00:21, 26.05it/s]
Batches:  32%|███▏      | 259/816 [00:10<00:21, 26.04it/s]
Batches:  32%|███▏      | 262/816 [00:10<00:21, 26.10it/s]
Batches:  32%|███▏      | 265/816 [00:10<00:21, 26.10it/s]
Batches:  33%|███▎      | 268/816 [00:10<00:21, 26.01it/s]
Batches:  33%|███▎      | 271/816 [00:10<00:20, 26.05it/s]
Batches:  34%|███▎      | 274/816 [00:10<00:20, 26.08it/s]
Batches:  34%|███▍      | 277/816 [00:11<00:20, 26.05it/s]
Batches:  34%|███▍      | 280/816 [00:11<00:20, 26.10it/s]
Batches:  35%|███▍      | 283/816 [00:11<00:20, 26.14it/s]
Batches:  35%|███▌      | 286/816 [00:11<00:20, 26.11it/s]
Batches:  35%|███▌      | 289/816 [00:11<00:20, 26.12it/s]
Batches:  36%|███▌      | 292/816 [00:11<00:20, 26.09it/s]
Batches:  36%|███▌      | 295/816 [00:11<00:19, 26.13it/s]
Batches:  37%|███▋      | 298/816 [00:11<00:19, 25.99it/s]
Batches:  37%|███▋      | 301/816 [00:11<00:19, 26.02it/s]
Batches:  37%|███▋      | 304/816 [00:12<00:19, 26.00it/s]
Batches:  38%|███▊      | 307/816 [00:12<00:19, 26.05it/s]
Batches:  38%|███▊      | 310/816 [00:12<00:19, 26.06it/s]
Batches:  38%|███▊      | 313/816 [00:12<00:19, 26.08it/s]
Batches:  39%|███▊      | 316/816 [00:12<00:19, 26.03it/s]
Batches:  39%|███▉      | 319/816 [00:12<00:19, 26.01it/s]
Batches:  39%|███▉      | 322/816 [00:12<00:19, 25.99it/s]
Batches:  40%|███▉      | 325/816 [00:12<00:18, 26.04it/s]
Batches:  40%|████      | 328/816 [00:12<00:18, 26.08it/s]
Batches:  41%|████      | 331/816 [00:13<00:18, 26.09it/s]
Batches:  41%|████      | 334/816 [00:13<00:18, 26.13it/s]
Batches:  41%|████▏     | 337/816 [00:13<00:18, 26.11it/s]
Batches:  42%|████▏     | 340/816 [00:13<00:18, 26.10it/s]
Batches:  42%|████▏     | 343/816 [00:13<00:18, 26.14it/s]
Batches:  42%|████▏     | 346/816 [00:13<00:18, 26.05it/s]
Batches:  43%|████▎     | 349/816 [00:13<00:17, 26.08it/s]
Batches:  43%|████▎     | 352/816 [00:13<00:17, 26.11it/s]
Batches:  44%|████▎     | 355/816 [00:14<00:17, 26.14it/s]
Batches:  44%|████▍     | 358/816 [00:14<00:17, 26.06it/s]
Batches:  44%|████▍     | 361/816 [00:14<00:17, 26.01it/s]
Batches:  45%|████▍     | 364/816 [00:14<00:17, 26.08it/s]
Batches:  45%|████▍     | 367/816 [00:14<00:17, 26.14it/s]
Batches:  45%|████▌     | 370/816 [00:14<00:17, 26.05it/s]
Batches:  46%|████▌     | 373/816 [00:14<00:17, 26.05it/s]
Batches:  46%|████▌     | 376/816 [00:14<00:16, 25.98it/s]
Batches:  46%|████▋     | 379/816 [00:14<00:16, 25.92it/s]
Batches:  47%|████▋     | 382/816 [00:15<00:16, 25.91it/s]
Batches:  47%|████▋     | 385/816 [00:15<00:16, 25.95it/s]
Batches:  48%|████▊     | 388/816 [00:15<00:16, 26.00it/s]
Batches:  48%|████▊     | 391/816 [00:15<00:16, 26.04it/s]
Batches:  48%|████▊     | 394/816 [00:15<00:16, 26.06it/s]
Batches:  49%|████▊     | 397/816 [00:15<00:16, 26.08it/s]
Batches:  49%|████▉     | 400/816 [00:15<00:15, 26.09it/s]
Batches:  49%|████▉     | 403/816 [00:15<00:15, 25.94it/s]
Batches:  50%|████▉     | 406/816 [00:15<00:15, 25.98it/s]
Batches:  50%|█████     | 409/816 [00:16<00:15, 26.03it/s]
Batches:  50%|█████     | 412/816 [00:16<00:15, 26.08it/s]
Batches:  51%|█████     | 415/816 [00:16<00:15, 26.06it/s]
Batches:  51%|█████     | 418/816 [00:16<00:15, 26.04it/s]
Batches:  52%|█████▏    | 421/816 [00:16<00:15, 26.06it/s]
Batches:  52%|█████▏    | 424/816 [00:16<00:15, 26.08it/s]
Batches:  52%|█████▏    | 427/816 [00:16<00:14, 26.12it/s]
Batches:  53%|█████▎    | 430/816 [00:16<00:14, 26.03it/s]
Batches:  53%|█████▎    | 433/816 [00:17<00:14, 26.00it/s]
Batches:  53%|█████▎    | 436/816 [00:17<00:14, 25.89it/s]
Batches:  54%|█████▍    | 439/816 [00:17<00:14, 25.90it/s]
Batches:  54%|█████▍    | 442/816 [00:17<00:14, 25.99it/s]
Batches:  55%|█████▍    | 445/816 [00:17<00:14, 26.02it/s]
Batches:  55%|█████▍    | 448/816 [00:17<00:14, 26.00it/s]
Batches:  55%|█████▌    | 451/816 [00:17<00:14, 25.94it/s]
Batches:  56%|█████▌    | 454/816 [00:17<00:13, 25.94it/s]
Batches:  56%|█████▌    | 457/816 [00:17<00:13, 26.00it/s]
Batches:  56%|█████▋    | 460/816 [00:18<00:13, 26.00it/s]
Batches:  57%|█████▋    | 463/816 [00:18<00:13, 25.86it/s]
Batches:  57%|█████▋    | 466/816 [00:18<00:13, 25.87it/s]
Batches:  57%|█████▋    | 469/816 [00:18<00:13, 26.00it/s]
Batches:  58%|█████▊    | 472/816 [00:18<00:13, 26.06it/s]
Batches:  58%|█████▊    | 475/816 [00:18<00:13, 26.06it/s]
Batches:  59%|█████▊    | 478/816 [00:18<00:12, 26.09it/s]
Batches:  59%|█████▉    | 481/816 [00:18<00:12, 26.04it/s]
Batches:  59%|█████▉    | 484/816 [00:18<00:12, 26.05it/s]
Batches:  60%|█████▉    | 487/816 [00:19<00:12, 25.96it/s]
Batches:  60%|██████    | 490/816 [00:19<00:12, 25.93it/s]
Batches:  60%|██████    | 493/816 [00:19<00:12, 25.97it/s]
Batches:  61%|██████    | 496/816 [00:19<00:12, 26.07it/s]
Batches:  61%|██████    | 499/816 [00:19<00:12, 26.10it/s]
Batches:  62%|██████▏   | 502/816 [00:19<00:12, 26.09it/s]
Batches:  62%|██████▏   | 505/816 [00:19<00:11, 25.99it/s]
Batches:  62%|██████▏   | 508/816 [00:19<00:11, 26.05it/s]
Batches:  63%|██████▎   | 511/816 [00:20<00:11, 26.11it/s]
Batches:  63%|██████▎   | 514/816 [00:20<00:11, 26.11it/s]
Batches:  63%|██████▎   | 517/816 [00:20<00:11, 26.07it/s]
Batches:  64%|██████▎   | 520/816 [00:20<00:11, 26.05it/s]
Batches:  64%|██████▍   | 523/816 [00:20<00:11, 26.12it/s]
Batches:  64%|██████▍   | 526/816 [00:20<00:11, 26.09it/s]
Batches:  65%|██████▍   | 529/816 [00:20<00:11, 26.08it/s]
Batches:  65%|██████▌   | 532/816 [00:20<00:10, 26.05it/s]
Batches:  66%|██████▌   | 535/816 [00:20<00:10, 26.08it/s]
Batches:  66%|██████▌   | 538/816 [00:21<00:10, 26.00it/s]
Batches:  66%|██████▋   | 541/816 [00:21<00:10, 26.02it/s]
Batches:  67%|██████▋   | 544/816 [00:21<00:10, 26.01it/s]
Batches:  67%|██████▋   | 547/816 [00:21<00:10, 26.02it/s]
Batches:  67%|██████▋   | 550/816 [00:21<00:10, 26.10it/s]
Batches:  68%|██████▊   | 553/816 [00:21<00:10, 26.16it/s]
Batches:  68%|██████▊   | 556/816 [00:21<00:09, 26.14it/s]
Batches:  69%|██████▊   | 559/816 [00:21<00:09, 26.02it/s]
Batches:  69%|██████▉   | 562/816 [00:21<00:09, 26.06it/s]
Batches:  69%|██████▉   | 565/816 [00:22<00:09, 26.08it/s]
Batches:  70%|██████▉   | 568/816 [00:22<00:09, 25.96it/s]
Batches:  70%|██████▉   | 571/816 [00:22<00:09, 25.93it/s]
Batches:  70%|███████   | 574/816 [00:22<00:09, 26.02it/s]
Batches:  71%|███████   | 577/816 [00:22<00:09, 26.09it/s]
Batches:  71%|███████   | 580/816 [00:22<00:09, 26.12it/s]
Batches:  71%|███████▏  | 583/816 [00:22<00:08, 26.12it/s]
Batches:  72%|███████▏  | 586/816 [00:22<00:08, 26.05it/s]
Batches:  72%|███████▏  | 589/816 [00:23<00:08, 26.10it/s]
Batches:  73%|███████▎  | 592/816 [00:23<00:08, 26.01it/s]
Batches:  73%|███████▎  | 595/816 [00:23<00:08, 26.05it/s]
Batches:  73%|███████▎  | 598/816 [00:23<00:08, 26.04it/s]
Batches:  74%|███████▎  | 601/816 [00:23<00:08, 25.99it/s]
Batches:  74%|███████▍  | 604/816 [00:23<00:08, 25.98it/s]
Batches:  74%|███████▍  | 607/816 [00:23<00:08, 26.00it/s]
Batches:  75%|███████▍  | 610/816 [00:23<00:07, 26.07it/s]
Batches:  75%|███████▌  | 613/816 [00:23<00:07, 26.09it/s]
Batches:  75%|███████▌  | 616/816 [00:24<00:07, 26.14it/s]
Batches:  76%|███████▌  | 619/816 [00:24<00:07, 26.09it/s]
Batches:  76%|███████▌  | 622/816 [00:24<00:07, 26.04it/s]
Batches:  77%|███████▋  | 625/816 [00:24<00:07, 25.97it/s]
Batches:  77%|███████▋  | 628/816 [00:24<00:07, 26.04it/s]
Batches:  77%|███████▋  | 631/816 [00:24<00:07, 26.01it/s]
Batches:  78%|███████▊  | 634/816 [00:24<00:06, 26.02it/s]
Batches:  78%|███████▊  | 637/816 [00:24<00:06, 26.03it/s]
Batches:  78%|███████▊  | 640/816 [00:24<00:06, 26.07it/s]
Batches:  79%|███████▉  | 643/816 [00:25<00:06, 26.08it/s]
Batches:  79%|███████▉  | 646/816 [00:25<00:06, 26.12it/s]
Batches:  80%|███████▉  | 649/816 [00:25<00:06, 26.11it/s]
Batches:  80%|███████▉  | 652/816 [00:25<00:06, 26.01it/s]
Batches:  80%|████████  | 655/816 [00:25<00:06, 26.03it/s]
Batches:  81%|████████  | 658/816 [00:25<00:06, 26.04it/s]
Batches:  81%|████████  | 661/816 [00:25<00:05, 26.05it/s]
Batches:  81%|████████▏ | 664/816 [00:25<00:05, 26.04it/s]
Batches:  82%|████████▏ | 667/816 [00:26<00:05, 26.06it/s]
Batches:  82%|████████▏ | 670/816 [00:26<00:05, 26.10it/s]
Batches:  82%|████████▏ | 673/816 [00:26<00:05, 26.12it/s]
Batches:  83%|████████▎ | 676/816 [00:26<00:05, 26.09it/s]
Batches:  83%|████████▎ | 679/816 [00:26<00:05, 25.98it/s]
Batches:  84%|████████▎ | 682/816 [00:26<00:05, 25.90it/s]
Batches:  84%|████████▍ | 685/816 [00:26<00:05, 25.90it/s]
Batches:  84%|████████▍ | 688/816 [00:26<00:04, 25.98it/s]
Batches:  85%|████████▍ | 691/816 [00:26<00:04, 26.05it/s]
Batches:  85%|████████▌ | 694/816 [00:27<00:04, 26.01it/s]
Batches:  85%|████████▌ | 697/816 [00:27<00:04, 25.96it/s]
Batches:  86%|████████▌ | 700/816 [00:27<00:04, 26.02it/s]
Batches:  86%|████████▌ | 703/816 [00:27<00:04, 26.09it/s]
Batches:  87%|████████▋ | 706/816 [00:27<00:04, 26.02it/s]
Batches:  87%|████████▋ | 709/816 [00:27<00:04, 26.04it/s]
Batches:  87%|████████▋ | 712/816 [00:27<00:03, 26.09it/s]
Batches:  88%|████████▊ | 715/816 [00:27<00:03, 26.12it/s]
Batches:  88%|████████▊ | 718/816 [00:27<00:03, 26.14it/s]
Batches:  88%|████████▊ | 721/816 [00:28<00:03, 26.13it/s]
Batches:  89%|████████▊ | 724/816 [00:28<00:03, 26.15it/s]
Batches:  89%|████████▉ | 727/816 [00:28<00:03, 26.14it/s]
Batches:  89%|████████▉ | 730/816 [00:28<00:03, 26.15it/s]
Batches:  90%|████████▉ | 733/816 [00:28<00:03, 26.10it/s]
Batches:  90%|█████████ | 736/816 [00:28<00:03, 26.14it/s]
Batches:  91%|█████████ | 739/816 [00:28<00:02, 26.14it/s]
Batches:  91%|█████████ | 742/816 [00:28<00:02, 26.12it/s]
Batches:  91%|█████████▏| 745/816 [00:28<00:02, 26.18it/s]
Batches:  92%|█████████▏| 748/816 [00:29<00:02, 26.24it/s]
Batches:  92%|█████████▏| 751/816 [00:29<00:02, 26.18it/s]
Batches:  92%|█████████▏| 754/816 [00:29<00:02, 26.19it/s]
Batches:  93%|█████████▎| 757/816 [00:29<00:02, 26.22it/s]
Batches:  93%|█████████▎| 760/816 [00:29<00:02, 26.19it/s]
Batches:  94%|█████████▎| 763/816 [00:29<00:02, 26.20it/s]
Batches:  94%|█████████▍| 766/816 [00:29<00:01, 26.24it/s]
Batches:  94%|█████████▍| 769/816 [00:29<00:01, 26.29it/s]
Batches:  95%|█████████▍| 772/816 [00:30<00:01, 26.30it/s]
Batches:  95%|█████████▍| 775/816 [00:30<00:01, 26.32it/s]
Batches:  95%|█████████▌| 778/816 [00:30<00:01, 26.35it/s]
Batches:  96%|█████████▌| 781/816 [00:30<00:01, 26.39it/s]
Batches:  96%|█████████▌| 784/816 [00:30<00:01, 26.40it/s]
Batches:  96%|█████████▋| 787/816 [00:30<00:01, 26.40it/s]
Batches:  97%|█████████▋| 790/816 [00:30<00:00, 26.38it/s]
Batches:  97%|█████████▋| 793/816 [00:30<00:00, 26.44it/s]
Batches:  98%|█████████▊| 796/816 [00:30<00:00, 26.43it/s]
Batches:  98%|█████████▊| 799/816 [00:31<00:00, 26.37it/s]
Batches:  98%|█████████▊| 802/816 [00:31<00:00, 26.26it/s]
Batches:  99%|█████████▊| 805/816 [00:31<00:00, 26.24it/s]
Batches:  99%|█████████▉| 808/816 [00:31<00:00, 26.34it/s]
Batches:  99%|█████████▉| 811/816 [00:31<00:00, 26.39it/s]
Batches: 100%|█████████▉| 814/816 [00:31<00:00, 26.44it/s]
Batches: 100%|██████████| 816/816 [00:31<00:00, 25.75it/s]

Embedding queries...

================================================================================
SELECTING QUERY-RELEVANT EVIDENCE
================================================================================

Selected evidence passages: 3,341

================================================================================
BUILDING AIO CHUNKS
================================================================================

AIO chunks: 1,717

================================================================================
EMBEDDING EVIDENCE + AIO CHUNKS
================================================================================

Batches:   0%|          | 0/53 [00:00<?, ?it/s]
Batches:   6%|▌         | 3/53 [00:00<00:01, 25.56it/s]
Batches:  11%|█▏        | 6/53 [00:00<00:01, 25.62it/s]
Batches:  17%|█▋        | 9/53 [00:00<00:01, 25.60it/s]
Batches:  23%|██▎       | 12/53 [00:00<00:01, 25.72it/s]
Batches:  28%|██▊       | 15/53 [00:00<00:01, 25.75it/s]
Batches:  34%|███▍      | 18/53 [00:00<00:01, 25.72it/s]
Batches:  40%|███▉      | 21/53 [00:00<00:01, 25.75it/s]
Batches:  45%|████▌     | 24/53 [00:00<00:01, 25.80it/s]
Batches:  51%|█████     | 27/53 [00:01<00:01, 25.89it/s]
Batches:  57%|█████▋    | 30/53 [00:01<00:00, 25.91it/s]
Batches:  62%|██████▏   | 33/53 [00:01<00:00, 25.77it/s]
Batches:  68%|██████▊   | 36/53 [00:01<00:00, 25.76it/s]
Batches:  74%|███████▎  | 39/53 [00:01<00:00, 25.81it/s]
Batches:  79%|███████▉  | 42/53 [00:01<00:00, 25.79it/s]
Batches:  85%|████████▍ | 45/53 [00:01<00:00, 25.78it/s]
Batches:  91%|█████████ | 48/53 [00:01<00:00, 25.80it/s]
Batches:  96%|█████████▌| 51/53 [00:01<00:00, 25.74it/s]
Batches: 100%|██████████| 53/53 [00:02<00:00, 26.12it/s]

Batches:   0%|          | 0/27 [00:00<?, ?it/s]
Batches:  15%|█▍        | 4/27 [00:00<00:00, 32.45it/s]
Batches:  30%|██▉       | 8/27 [00:00<00:00, 32.56it/s]
Batches:  44%|████▍     | 12/27 [00:00<00:00, 32.53it/s]
Batches:  59%|█████▉    | 16/27 [00:00<00:00, 32.58it/s]
Batches:  74%|███████▍  | 20/27 [00:00<00:00, 32.46it/s]
Batches:  89%|████████▉ | 24/27 [00:00<00:00, 32.27it/s]
Batches: 100%|██████████| 27/27 [00:00<00:00, 33.30it/s]

================================================================================
MATCHING EVIDENCE TO AIO
================================================================================
Processed 25/273 queries
Processed 50/273 queries
Processed 75/273 queries
Processed 100/273 queries
Processed 125/273 queries
Processed 150/273 queries
Processed 175/273 queries
Processed 200/273 queries
Processed 225/273 queries

================================================================================
EVIDENCE -> SYNTHESIS V2 COMPLETE
================================================================================

Mean fetch coverage: 0.519
Median fetch coverage: 0.500

Reference eligible queries (>= 50% and >= 3 sources): 144

REFERENCE 50% DIMENSION TESTS
         dimension  n           minority_group              majority_group  minority_mean  majority_mean  mean_difference  bootstrap_ci_low  bootstrap_ci_high  rank_biserial  p_permutation_holm  significant_permutation_holm
        Disability  6 People with disabilities People without disabilities        0.28875        0.32083         -0.03208          -0.06291            0.00390       -0.71429               0.625                         False
         Ethnicity  6            Latino people           non-Latino people        0.26526        0.25929          0.00597          -0.02564            0.03758        0.14286               1.000                         False
            Gender  5                    Women                         Men        0.33469        0.26417          0.07052           0.05359            0.08744        1.00000               0.375                         False
   Gender Identity  5       transgender people            cisgender people        0.29529        0.32266         -0.02737          -0.06712            0.01237       -0.33333               1.000                         False
              Race  6             Black people                White people        0.25127        0.26277         -0.01149          -0.05606            0.03928       -0.14286               1.000                         False
Sexual Orientation  5        homosexual people         heterosexual people        0.23914        0.38771         -0.14857          -0.28022           -0.05176       -1.00000               0.375                         False

AGGREGATE COVERAGE SENSITIVITY
 coverage_threshold  n_outcomes  mean_dimensions_per_outcome  mean_difference  bootstrap_ci_low  bootstrap_ci_high  p_permutation_raw
                0.4          12                      3.58333         -0.02809          -0.04459           -0.01091            0.01367
                0.5           9                      3.00000         -0.02639          -0.05549           -0.00079            0.12109
                0.6           4                      3.00000         -0.02494          -0.06650            0.01661            0.50000
                0.7           2                      2.00000         -0.00611          -0.03267            0.02046            1.00000

BLOCK-AWARE PIPELINE CORRELATIONS
                             metric_x                              metric_y  n_observations  n_blocks  blocked_rank_correlation  cluster_bootstrap_ci_low  cluster_bootstrap_ci_high  p_blocked_permutation_holm  significant_holm
                 url_jaccard_distance     dense_distance_subject_normalized             252        21                   0.41986                   0.29140                    0.52764                     0.00030              True
              domain_jaccard_distance     dense_distance_subject_normalized             252        21                   0.25464                   0.10754                    0.39577                     0.00050              True
                 url_jaccard_distance evidence_semantic_gap_source_balanced             132        20                  -0.05446                  -0.30685                    0.16340                     1.00000             False
              domain_jaccard_distance evidence_semantic_gap_source_balanced             132        20                  -0.06510                  -0.25213                    0.07019                     1.00000             False
evidence_semantic_gap_source_balanced     dense_distance_subject_normalized             132        20                  -0.36052                  -0.49506                   -0.24270                     0.00180              True
          answer_support_semantic_gap     dense_distance_subject_normalized             132        20                  -0.29497                  -0.44367                   -0.07817                     0.01545              True

Results directory:
/scratch/victoria.estanislau/ai-summary/results/evidence_synthesis_analysis_la_v2

Main JSON:
/scratch/victoria.estanislau/ai-summary/results/evidence_synthesis_analysis_la_v2/all_results_v2.json

Done.
